==============================================================================
  cicids random_3way binary — RF + XGBoost + AdaBoost (raw numeric)
==============================================================================

Loading cicids random_3way split (top-20 features, RAW numeric) from lacg030175/CICIDS2017...
  Loaded in 1.8s; 20/20 top-20 features present
  Train (2262300, 20)  Normal=80.3% Attack=19.7%
  Test  (282788, 20)  Normal=80.3% Attack=19.7%
  Val   (282788, 20)  Normal=80.3% Attack=19.7%

------------------------------------------------------------------------------
  RF (100 estimators, max_depth=None)
------------------------------------------------------------------------------
  Train time:  26.6s
  Infer time:  0.090s  (0.3 µs/sample)
  Model size:  51,660,600 bytes (49.27 MB)
  [fixed_05 thr=0.50]  TN=226,974 FP=158 FN=154 TP=55,502  F1 99.83%  FPR 0.07%  Acc 99.89%
  [val_cal  thr=0.32]  TN=226,916 FP=216 FN=60 TP=55,596  F1 99.85%  FPR 0.10%  Acc 99.90%

------------------------------------------------------------------------------
  XGBoost (100 estimators, max_depth=6, lr=0.1)
------------------------------------------------------------------------------
  Train time:  1.4s
  Infer time:  0.017s  (0.1 µs/sample)
  Model size:  297,885 bytes (0.28 MB)
  [fixed_05 thr=0.50]  TN=226,958 FP=174 FN=344 TP=55,312  F1 99.71%  FPR 0.08%  Acc 99.82%
  [val_cal  thr=0.44]  TN=226,936 FP=196 FN=315 TP=55,341  F1 99.71%  FPR 0.09%  Acc 99.82%

------------------------------------------------------------------------------
  AdaBoost (100 depth-1 stumps)
------------------------------------------------------------------------------
  Train time:  177.1s
  Infer time:  0.385s  (1.4 µs/sample)
  Model size:  55,860 bytes (0.05 MB)
  [fixed_05 thr=0.50]  TN=225,079 FP=2,053 FN=2,213 TP=53,443  F1 97.61%  FPR 0.90%  Acc 98.49%
  [val_cal  thr=0.49]  TN=224,405 FP=2,727 FN=1,439 TP=54,217  F1 97.69%  FPR 1.20%  Acc 98.53%

==============================================================================
  cicids random_3way (raw numeric) — scored on the TEST partition
==============================================================================
  Method   mode        thr        F1       FPR       Acc        Size
  ------------------------------------------------------------------
  RF       fixed_05   0.50    99.83%     0.07%    99.89%    49.27 MB
  RF       val_cal    0.32    99.85%     0.10%    99.90%    49.27 MB
  XGBoost  fixed_05   0.50    99.71%     0.08%    99.82%     0.28 MB
  XGBoost  val_cal    0.44    99.71%     0.09%    99.82%     0.28 MB
  AdaBoost fixed_05   0.50    97.61%     0.90%    98.49%     0.05 MB
  AdaBoost val_cal    0.49    97.69%     1.20%    98.53%     0.05 MB
