==============================================================================
  ciciot46m random_3way binary — RF + XGBoost + AdaBoost (raw numeric)
==============================================================================

Loading ciciot46m random_3way split (top-20 features, RAW numeric) from lacg030175/CIC-IoT-2023-neto-full...
  Loaded in 7.5s; 20/20 top-20 features present
  Train (37349263, 20)  Normal=2.4% Attack=97.6%
  Test  (4668657, 20)  Normal=2.4% Attack=97.6%
  Val   (4668659, 20)  Normal=2.4% Attack=97.6%

------------------------------------------------------------------------------
  RF (100 estimators, max_depth=None)
------------------------------------------------------------------------------
  Train time:  231.1s
  Infer time:  0.710s  (0.2 µs/sample)
  Model size:  1,057,539,120 bytes (1008.55 MB)
  [fixed_05 thr=0.50]  TN=105,896 FP=3,923 FN=6,357 TP=4,552,481  F1 97.63%  FPR 3.57%  Acc 99.78%
  [val_cal  thr=0.53]  TN=106,400 FP=3,419 FN=6,927 TP=4,551,911  F1 97.63%  FPR 3.11%  Acc 99.78%

------------------------------------------------------------------------------
  XGBoost (100 estimators, max_depth=6, lr=0.1)
------------------------------------------------------------------------------
  Train time:  18.5s
  Infer time:  0.248s  (0.1 µs/sample)
  Model size:  409,453 bytes (0.39 MB)
  [fixed_05 thr=0.50]  TN=104,350 FP=5,469 FN=12,029 TP=4,546,809  F1 96.04%  FPR 4.98%  Acc 99.63%
  [val_cal  thr=0.51]  TN=104,624 FP=5,195 FN=12,344 TP=4,546,494  F1 96.04%  FPR 4.73%  Acc 99.62%

------------------------------------------------------------------------------
  AdaBoost (100 depth-1 stumps)
------------------------------------------------------------------------------
  Train time:  2602.1s
  Infer time:  5.212s  (1.1 µs/sample)
  Model size:  55,860 bytes (0.05 MB)
  [fixed_05 thr=0.50]  TN=101,497 FP=8,322 FN=13,903 TP=4,544,935  F1 94.94%  FPR 7.58%  Acc 99.52%
  [val_cal  thr=0.50]  TN=101,497 FP=8,322 FN=13,903 TP=4,544,935  F1 94.94%  FPR 7.58%  Acc 99.52%

==============================================================================
  ciciot46m random_3way (raw numeric) — scored on the TEST partition
==============================================================================
  Method   mode        thr        F1       FPR       Acc        Size
  ------------------------------------------------------------------
  RF       fixed_05   0.50    97.63%     3.57%    99.78%  1008.55 MB
  RF       val_cal    0.53    97.63%     3.11%    99.78%  1008.55 MB
  XGBoost  fixed_05   0.50    96.04%     4.98%    99.63%     0.39 MB
  XGBoost  val_cal    0.51    96.04%     4.73%    99.62%     0.39 MB
  AdaBoost fixed_05   0.50    94.94%     7.58%    99.52%     0.05 MB
  AdaBoost val_cal    0.50    94.94%     7.58%    99.52%     0.05 MB
