Copyright 1986-2022 Xilinx, Inc. All Rights Reserved. Copyright 2022-2025 Advanced Micro Devices, Inc. All Rights Reserved.
---------------------------------------------------------------------------------------------------------------------------------------------
| Tool Version : Vivado v.2025.2 (lin64) Build 6299465 Fri Nov 14 12:34:56 MST 2025
| Date         : Fri Apr 17 01:24:29 2026
| Host         : ip-172-31-4-108 running 64-bit Ubuntu 22.04.5 LTS
| Command      : report_timing_summary -file /home/ubuntu/wnn_fpga/results/UNSW_RANDOM_436n_32b/timing.rpt
| Design       : wnn_classifier_impl
| Device       : 7z020-clg400
| Speed File   : -1  PRODUCTION 1.12 2019-11-22
| Design State : Synthesized
---------------------------------------------------------------------------------------------------------------------------------------------

Timing Summary Report

------------------------------------------------------------------------------------------------
| Timer Settings
| --------------
------------------------------------------------------------------------------------------------

  Enable Multi Corner Analysis               :  Yes
  Enable Pessimism Removal                   :  Yes
  Pessimism Removal Resolution               :  Nearest Common Node
  Enable Input Delay Default Clock           :  No
  Enable Preset / Clear Arcs                 :  No
  Disable Flight Delays                      :  No
  Ignore I/O Paths                           :  No
  Timing Early Launch at Borrowing Latches   :  No
  Borrow Time for Max Delay Exceptions       :  Yes
  Merge Timing Exceptions                    :  Yes
  Inter-SLR Compensation                     :  Conservative

  Corner  Analyze    Analyze    
  Name    Max Paths  Min Paths  
  ------  ---------  ---------  
  Slow    Yes        Yes        
  Fast    Yes        Yes        


------------------------------------------------------------------------------------------------
| Report Methodology
| ------------------
------------------------------------------------------------------------------------------------

No report available as report_methodology has not been run prior. Run report_methodology on the current design for the summary of methodology violations.



check_timing report

Table of Contents
-----------------
1. checking no_clock (0)
2. checking constant_clock (0)
3. checking pulse_width_clock (0)
4. checking unconstrained_internal_endpoints (0)
5. checking no_input_delay (289)
6. checking no_output_delay (14)
7. checking multiple_clock (0)
8. checking generated_clocks (0)
9. checking loops (0)
10. checking partial_input_delay (0)
11. checking partial_output_delay (0)
12. checking latch_loops (0)

1. checking no_clock (0)
------------------------
 There are 0 register/latch pins with no clock.


2. checking constant_clock (0)
------------------------------
 There are 0 register/latch pins with constant_clock.


3. checking pulse_width_clock (0)
---------------------------------
 There are 0 register/latch pins which need pulse_width check


4. checking unconstrained_internal_endpoints (0)
------------------------------------------------
 There are 0 pins that are not constrained for maximum delay.

 There are 0 pins that are not constrained for maximum delay due to constant clock.


5. checking no_input_delay (289)
--------------------------------
 There are 289 input ports with no input delay specified. (HIGH)

 There are 0 input ports with no input delay but user has a false path constraint.


6. checking no_output_delay (14)
--------------------------------
 There are 14 ports with no output delay specified. (HIGH)

 There are 0 ports with no output delay but user has a false path constraint

 There are 0 ports with no output delay but with a timing clock defined on it or propagating through it


7. checking multiple_clock (0)
------------------------------
 There are 0 register/latch pins with multiple clocks.


8. checking generated_clocks (0)
--------------------------------
 There are 0 generated clocks that are not connected to a clock source.


9. checking loops (0)
---------------------
 There are 0 combinational loops in the design.


10. checking partial_input_delay (0)
------------------------------------
 There are 0 input ports with partial input delay specified.


11. checking partial_output_delay (0)
-------------------------------------
 There are 0 ports with partial output delay specified.


12. checking latch_loops (0)
----------------------------
 There are 0 combinational latch loops in the design through latch input



------------------------------------------------------------------------------------------------
| Design Timing Summary
| ---------------------
------------------------------------------------------------------------------------------------

    WNS(ns)      TNS(ns)  TNS Failing Endpoints  TNS Total Endpoints      WHS(ns)      THS(ns)  THS Failing Endpoints  THS Total Endpoints     WPWS(ns)     TPWS(ns)  TPWS Failing Endpoints  TPWS Total Endpoints  
    -------      -------  ---------------------  -------------------      -------      -------  ---------------------  -------------------     --------     --------  ----------------------  --------------------  
     -9.891    -3856.474                   3030                 6104        0.263        0.000                      0                 6104        2.000        0.000                       0                  3302  


Timing constraints are not met.


------------------------------------------------------------------------------------------------
| Clock Summary
| -------------
------------------------------------------------------------------------------------------------

Clock  Waveform(ns)         Period(ns)      Frequency(MHz)
-----  ------------         ----------      --------------
clk    {0.000 2.500}        5.000           200.000         


------------------------------------------------------------------------------------------------
| Intra Clock Table
| -----------------
------------------------------------------------------------------------------------------------

Clock             WNS(ns)      TNS(ns)  TNS Failing Endpoints  TNS Total Endpoints      WHS(ns)      THS(ns)  THS Failing Endpoints  THS Total Endpoints     WPWS(ns)     TPWS(ns)  TPWS Failing Endpoints  TPWS Total Endpoints  
-----             -------      -------  ---------------------  -------------------      -------      -------  ---------------------  -------------------     --------     --------  ----------------------  --------------------  
clk                -9.891    -3856.474                   3030                 6104        0.263        0.000                      0                 6104        2.000        0.000                       0                  3302  


------------------------------------------------------------------------------------------------
| Inter Clock Table
| -----------------
------------------------------------------------------------------------------------------------

From Clock    To Clock          WNS(ns)      TNS(ns)  TNS Failing Endpoints  TNS Total Endpoints      WHS(ns)      THS(ns)  THS Failing Endpoints  THS Total Endpoints  
----------    --------          -------      -------  ---------------------  -------------------      -------      -------  ---------------------  -------------------  


------------------------------------------------------------------------------------------------
| Other Path Groups Table
| -----------------------
------------------------------------------------------------------------------------------------

Path Group    From Clock    To Clock          WNS(ns)      TNS(ns)  TNS Failing Endpoints  TNS Total Endpoints      WHS(ns)      THS(ns)  THS Failing Endpoints  THS Total Endpoints  
----------    ----------    --------          -------      -------  ---------------------  -------------------      -------      -------  ---------------------  -------------------  


------------------------------------------------------------------------------------------------
| Timing Details
| --------------
------------------------------------------------------------------------------------------------


---------------------------------------------------------------------------------------------------
From Clock:  clk
  To Clock:  clk

Setup :         3030  Failing Endpoints,  Worst Slack       -9.891ns,  Total Violation    -3856.474ns
Hold  :            0  Failing Endpoints,  Worst Slack        0.263ns,  Total Violation        0.000ns
PW    :            0  Failing Endpoints,  Worst Slack        2.000ns,  Total Violation        0.000ns
---------------------------------------------------------------------------------------------------


Max Delay Paths
--------------------------------------------------------------------------------------
Slack (VIOLATED) :        -9.891ns  (required time - arrival time)
  Source:                 neuron_latched_reg[211][0]/C
                            (rising edge-triggered cell FDRE clocked by clk  {rise@0.000ns fall@2.500ns period=5.000ns})
  Destination:            class_out_reg/D
                            (rising edge-triggered cell FDCE clocked by clk  {rise@0.000ns fall@2.500ns period=5.000ns})
  Path Group:             clk
  Path Type:              Setup (Max at Slow Process Corner)
  Requirement:            5.000ns  (clk rise@5.000ns - clk rise@0.000ns)
  Data Path Delay:        14.884ns  (logic 6.139ns (41.246%)  route 8.745ns (58.754%))
  Logic Levels:           18  (CARRY4=8 LUT3=5 LUT4=1 LUT5=2 LUT6=2)
  Clock Path Skew:        -0.049ns (DCD - SCD + CPR)
    Destination Clock Delay (DCD):    0.924ns = ( 5.924 - 5.000 ) 
    Source Clock Delay      (SCD):    0.973ns
    Clock Pessimism Removal (CPR):    0.000ns
  Clock Uncertainty:      0.035ns  ((TSJ^2 + TIJ^2)^1/2 + DJ) / 2 + PE
    Total System Jitter     (TSJ):    0.071ns
    Total Input Jitter      (TIJ):    0.000ns
    Discrete Jitter          (DJ):    0.000ns
    Phase Error              (PE):    0.000ns

    Location             Delay type                Incr(ns)  Path(ns)    Netlist Resource(s)
  -------------------------------------------------------------------    -------------------
                         (clock clk rise edge)        0.000     0.000 r  
                                                      0.000     0.000 r  clk (IN)
                         net (fo=3301, unset)         0.973     0.973    clk
                         FDRE                                         r  neuron_latched_reg[211][0]/C
  -------------------------------------------------------------------    -------------------
                         FDRE (Prop_fdre_C_Q)         0.518     1.491 r  neuron_latched_reg[211][0]/Q
                         net (fo=99, unplaced)        0.840     2.331    neuron_latched_reg[211][0]
                         LUT3 (Prop_lut3_I0_O)        0.295     2.626 r  score_out[10]_i_951/O
                         net (fo=1, unplaced)         0.000     2.626    score_out[10]_i_951_n_0
                         CARRY4 (Prop_carry4_S[0]_O[0])
                                                      0.252     2.878 r  score_out_reg[10]_i_889/O[0]
                         net (fo=2, unplaced)         0.752     3.630    score_out_reg[10]_i_889_n_7
                         LUT3 (Prop_lut3_I0_O)        0.295     3.925 r  score_out[10]_i_739/O
                         net (fo=2, unplaced)         0.650     4.575    score_out[10]_i_739_n_0
                         CARRY4 (Prop_carry4_DI[1]_O[2])
                                                      0.566     5.141 r  score_out_reg[10]_i_529/O[2]
                         net (fo=2, unplaced)         0.916     6.057    score_out_reg[10]_i_529_n_5
                         LUT3 (Prop_lut3_I0_O)        0.301     6.358 r  score_out[10]_i_397/O
                         net (fo=2, unplaced)         0.460     6.818    score_out[10]_i_397_n_0
                         LUT4 (Prop_lut4_I3_O)        0.124     6.942 r  score_out[10]_i_400/O
                         net (fo=1, unplaced)         0.000     6.942    score_out[10]_i_400_n_0
                         CARRY4 (Prop_carry4_S[3]_CO[3])
                                                      0.376     7.318 r  score_out_reg[10]_i_235/CO[3]
                         net (fo=1, unplaced)         0.009     7.327    score_out_reg[10]_i_235_n_0
                         CARRY4 (Prop_carry4_CI_O[0])
                                                      0.232     7.559 r  score_out_reg[10]_i_232/O[0]
                         net (fo=2, unplaced)         0.752     8.311    score_out_reg[10]_i_232_n_7
                         LUT3 (Prop_lut3_I0_O)        0.295     8.606 r  score_out[10]_i_145/O
                         net (fo=2, unplaced)         0.650     9.256    score_out[10]_i_145_n_0
                         CARRY4 (Prop_carry4_DI[1]_O[2])
                                                      0.566     9.822 r  score_out_reg[10]_i_66/O[2]
                         net (fo=3, unplaced)         0.923    10.745    score_out_reg[10]_i_66_n_5
                         LUT5 (Prop_lut5_I2_O)        0.301    11.046 r  score_out[10]_i_38/O
                         net (fo=1, unplaced)         0.000    11.046    score_out[10]_i_38_n_0
                         CARRY4 (Prop_carry4_S[3]_CO[3])
                                                      0.376    11.422 r  score_out_reg[10]_i_11/CO[3]
                         net (fo=1, unplaced)         0.000    11.422    score_out_reg[10]_i_11_n_0
                         CARRY4 (Prop_carry4_CI_O[0])
                                                      0.232    11.654 r  score_out_reg[10]_i_14/O[0]
                         net (fo=3, unplaced)         0.329    11.983    score_out_reg[10]_i_14_n_7
                         LUT3 (Prop_lut3_I1_O)        0.295    12.278 r  score_out[10]_i_8/O
                         net (fo=2, unplaced)         0.460    12.738    score_out[10]_i_8_n_0
                         LUT5 (Prop_lut5_I1_O)        0.124    12.862 r  score_out[10]_i_2/O
                         net (fo=1, unplaced)         0.639    13.501    score_out[10]_i_2_n_0
                         CARRY4 (Prop_carry4_DI[1]_O[2])
                                                      0.566    14.067 r  score_out_reg[10]_i_1/O[2]
                         net (fo=2, unplaced)         0.916    14.983    weighted_sum[10]
                         LUT6 (Prop_lut6_I1_O)        0.301    15.284 r  class_out_i_9/O
                         net (fo=1, unplaced)         0.449    15.733    class_out_i_9_n_0
                         LUT6 (Prop_lut6_I2_O)        0.124    15.857 r  class_out_i_2/O
                         net (fo=1, unplaced)         0.000    15.857    class_out_i_2_n_0
                         FDCE                                         r  class_out_reg/D
  -------------------------------------------------------------------    -------------------

                         (clock clk rise edge)        5.000     5.000 r  
                                                      0.000     5.000 r  clk (IN)
                         net (fo=3301, unset)         0.924     5.924    clk
                         FDCE                                         r  class_out_reg/C
                         clock pessimism              0.000     5.924    
                         clock uncertainty           -0.035     5.889    
                         FDCE (Setup_fdce_C_D)        0.077     5.966    class_out_reg
  -------------------------------------------------------------------
                         required time                          5.966    
                         arrival time                         -15.857    
  -------------------------------------------------------------------
                         slack                                 -9.891    





Min Delay Paths
--------------------------------------------------------------------------------------
Slack (MET) :             0.263ns  (arrival time - required time)
  Source:                 neuron_0/mid_reg[12]/C
                            (rising edge-triggered cell FDCE clocked by clk  {rise@0.000ns fall@2.500ns period=5.000ns})
  Destination:            neuron_0/hi_reg[12]/D
                            (rising edge-triggered cell FDCE clocked by clk  {rise@0.000ns fall@2.500ns period=5.000ns})
  Path Group:             clk
  Path Type:              Hold (Min at Fast Process Corner)
  Requirement:            0.000ns  (clk rise@0.000ns - clk rise@0.000ns)
  Data Path Delay:        0.405ns  (logic 0.262ns (64.708%)  route 0.143ns (35.292%))
  Logic Levels:           1  (LUT2=1)
  Clock Path Skew:        0.022ns (DCD - SCD - CPR)
    Destination Clock Delay (DCD):    0.432ns
    Source Clock Delay      (SCD):    0.410ns
    Clock Pessimism Removal (CPR):    -0.000ns

    Location             Delay type                Incr(ns)  Path(ns)    Netlist Resource(s)
  -------------------------------------------------------------------    -------------------
                         (clock clk rise edge)        0.000     0.000 r  
                                                      0.000     0.000 r  clk (IN)
                         net (fo=3301, unset)         0.410     0.410    neuron_0/clk
                         FDCE                                         r  neuron_0/mid_reg[12]/C
  -------------------------------------------------------------------    -------------------
                         FDCE (Prop_fdce_C_Q)         0.164     0.574 r  neuron_0/mid_reg[12]/Q
                         net (fo=5, unplaced)         0.143     0.717    neuron_0/mid_reg_n_0_[12]
                         LUT2 (Prop_lut2_I1_O)        0.098     0.815 r  neuron_0/hi[12]_i_2__41/O
                         net (fo=1, unplaced)         0.000     0.815    neuron_0/hi[12]_i_2__41_n_0
                         FDCE                                         r  neuron_0/hi_reg[12]/D
  -------------------------------------------------------------------    -------------------

                         (clock clk rise edge)        0.000     0.000 r  
                                                      0.000     0.000 r  clk (IN)
                         net (fo=3301, unset)         0.432     0.432    neuron_0/clk
                         FDCE                                         r  neuron_0/hi_reg[12]/C
                         clock pessimism              0.000     0.432    
                         FDCE (Hold_fdce_C_D)         0.120     0.552    neuron_0/hi_reg[12]
  -------------------------------------------------------------------
                         required time                         -0.552    
                         arrival time                           0.815    
  -------------------------------------------------------------------
                         slack                                  0.263    





Pulse Width Checks
--------------------------------------------------------------------------------------
Clock Name:         clk
Waveform(ns):       { 0.000 2.500 }
Period(ns):         5.000
Sources:            { clk }

Check Type        Corner  Lib Pin  Reference Pin  Required(ns)  Actual(ns)  Slack(ns)  Location  Pin
Min Period        n/a     FDCE/C   n/a            1.000         5.000       4.000                class_out_reg/C
Low Pulse Width   Slow    FDCE/C   n/a            0.500         2.500       2.000                class_out_reg/C
High Pulse Width  Slow    FDCE/C   n/a            0.500         2.500       2.000                class_out_reg/C



