Copyright 1986-2022 Xilinx, Inc. All Rights Reserved. Copyright 2022-2025 Advanced Micro Devices, Inc. All Rights Reserved.
---------------------------------------------------------------------------------------------------------------------------------------------
| Tool Version : Vivado v.2025.2 (lin64) Build 6299465 Fri Nov 14 12:34:56 MST 2025
| Date         : Thu Mar 26 14:01:32 2026
| Host         : ip-172-31-4-108 running 64-bit Ubuntu 22.04.5 LTS
| Command      : report_timing_summary -file /home/ubuntu/wnn_fpga/results/UNSW_369n_best/timing.rpt
| Design       : wnn_classifier_impl
| Device       : 7z020-clg400
| Speed File   : -1  PRODUCTION 1.12 2019-11-22
| Design State : Synthesized
---------------------------------------------------------------------------------------------------------------------------------------------

Timing Summary Report

------------------------------------------------------------------------------------------------
| Timer Settings
| --------------
------------------------------------------------------------------------------------------------

  Enable Multi Corner Analysis               :  Yes
  Enable Pessimism Removal                   :  Yes
  Pessimism Removal Resolution               :  Nearest Common Node
  Enable Input Delay Default Clock           :  No
  Enable Preset / Clear Arcs                 :  No
  Disable Flight Delays                      :  No
  Ignore I/O Paths                           :  No
  Timing Early Launch at Borrowing Latches   :  No
  Borrow Time for Max Delay Exceptions       :  Yes
  Merge Timing Exceptions                    :  Yes
  Inter-SLR Compensation                     :  Conservative

  Corner  Analyze    Analyze    
  Name    Max Paths  Min Paths  
  ------  ---------  ---------  
  Slow    Yes        Yes        
  Fast    Yes        Yes        


------------------------------------------------------------------------------------------------
| Report Methodology
| ------------------
------------------------------------------------------------------------------------------------

No report available as report_methodology has not been run prior. Run report_methodology on the current design for the summary of methodology violations.



check_timing report

Table of Contents
-----------------
1. checking no_clock (0)
2. checking constant_clock (0)
3. checking pulse_width_clock (0)
4. checking unconstrained_internal_endpoints (0)
5. checking no_input_delay (154)
6. checking no_output_delay (14)
7. checking multiple_clock (0)
8. checking generated_clocks (0)
9. checking loops (0)
10. checking partial_input_delay (0)
11. checking partial_output_delay (0)
12. checking latch_loops (0)

1. checking no_clock (0)
------------------------
 There are 0 register/latch pins with no clock.


2. checking constant_clock (0)
------------------------------
 There are 0 register/latch pins with constant_clock.


3. checking pulse_width_clock (0)
---------------------------------
 There are 0 register/latch pins which need pulse_width check


4. checking unconstrained_internal_endpoints (0)
------------------------------------------------
 There are 0 pins that are not constrained for maximum delay.

 There are 0 pins that are not constrained for maximum delay due to constant clock.


5. checking no_input_delay (154)
--------------------------------
 There are 154 input ports with no input delay specified. (HIGH)

 There are 0 input ports with no input delay but user has a false path constraint.


6. checking no_output_delay (14)
--------------------------------
 There are 14 ports with no output delay specified. (HIGH)

 There are 0 ports with no output delay but user has a false path constraint

 There are 0 ports with no output delay but with a timing clock defined on it or propagating through it


7. checking multiple_clock (0)
------------------------------
 There are 0 register/latch pins with multiple clocks.


8. checking generated_clocks (0)
--------------------------------
 There are 0 generated clocks that are not connected to a clock source.


9. checking loops (0)
---------------------
 There are 0 combinational loops in the design.


10. checking partial_input_delay (0)
------------------------------------
 There are 0 input ports with partial input delay specified.


11. checking partial_output_delay (0)
-------------------------------------
 There are 0 ports with partial output delay specified.


12. checking latch_loops (0)
----------------------------
 There are 0 combinational latch loops in the design through latch input



------------------------------------------------------------------------------------------------
| Design Timing Summary
| ---------------------
------------------------------------------------------------------------------------------------

    WNS(ns)      TNS(ns)  TNS Failing Endpoints  TNS Total Endpoints      WHS(ns)      THS(ns)  THS Failing Endpoints  THS Total Endpoints     WPWS(ns)     TPWS(ns)  TPWS Failing Endpoints  TPWS Total Endpoints  
    -------      -------  ---------------------  -------------------      -------      -------  ---------------------  -------------------     --------     --------  ----------------------  --------------------  
    -11.490    -1689.116                   2334                 4669        0.346        0.000                      0                 4669        2.000        0.000                       0                  2585  


Timing constraints are not met.


------------------------------------------------------------------------------------------------
| Clock Summary
| -------------
------------------------------------------------------------------------------------------------

Clock  Waveform(ns)         Period(ns)      Frequency(MHz)
-----  ------------         ----------      --------------
clk    {0.000 2.500}        5.000           200.000         


------------------------------------------------------------------------------------------------
| Intra Clock Table
| -----------------
------------------------------------------------------------------------------------------------

Clock             WNS(ns)      TNS(ns)  TNS Failing Endpoints  TNS Total Endpoints      WHS(ns)      THS(ns)  THS Failing Endpoints  THS Total Endpoints     WPWS(ns)     TPWS(ns)  TPWS Failing Endpoints  TPWS Total Endpoints  
-----             -------      -------  ---------------------  -------------------      -------      -------  ---------------------  -------------------     --------     --------  ----------------------  --------------------  
clk               -11.490    -1689.116                   2334                 4669        0.346        0.000                      0                 4669        2.000        0.000                       0                  2585  


------------------------------------------------------------------------------------------------
| Inter Clock Table
| -----------------
------------------------------------------------------------------------------------------------

From Clock    To Clock          WNS(ns)      TNS(ns)  TNS Failing Endpoints  TNS Total Endpoints      WHS(ns)      THS(ns)  THS Failing Endpoints  THS Total Endpoints  
----------    --------          -------      -------  ---------------------  -------------------      -------      -------  ---------------------  -------------------  


------------------------------------------------------------------------------------------------
| Other Path Groups Table
| -----------------------
------------------------------------------------------------------------------------------------

Path Group    From Clock    To Clock          WNS(ns)      TNS(ns)  TNS Failing Endpoints  TNS Total Endpoints      WHS(ns)      THS(ns)  THS Failing Endpoints  THS Total Endpoints  
----------    ----------    --------          -------      -------  ---------------------  -------------------      -------      -------  ---------------------  -------------------  


------------------------------------------------------------------------------------------------
| Timing Details
| --------------
------------------------------------------------------------------------------------------------


---------------------------------------------------------------------------------------------------
From Clock:  clk
  To Clock:  clk

Setup :         2334  Failing Endpoints,  Worst Slack      -11.490ns,  Total Violation    -1689.116ns
Hold  :            0  Failing Endpoints,  Worst Slack        0.346ns,  Total Violation        0.000ns
PW    :            0  Failing Endpoints,  Worst Slack        2.000ns,  Total Violation        0.000ns
---------------------------------------------------------------------------------------------------


Max Delay Paths
--------------------------------------------------------------------------------------
Slack (VIOLATED) :        -11.490ns  (required time - arrival time)
  Source:                 neuron_50/result_reg[0]/C
                            (rising edge-triggered cell FDPE clocked by clk  {rise@0.000ns fall@2.500ns period=5.000ns})
  Destination:            class_out_reg/D
                            (rising edge-triggered cell FDCE clocked by clk  {rise@0.000ns fall@2.500ns period=5.000ns})
  Path Group:             clk
  Path Type:              Setup (Max at Slow Process Corner)
  Requirement:            5.000ns  (clk rise@5.000ns - clk rise@0.000ns)
  Data Path Delay:        16.483ns  (logic 7.230ns (43.863%)  route 9.253ns (56.137%))
  Logic Levels:           18  (CARRY4=6 LUT3=6 LUT4=4 LUT6=2)
  Clock Path Skew:        -0.049ns (DCD - SCD + CPR)
    Destination Clock Delay (DCD):    0.924ns = ( 5.924 - 5.000 ) 
    Source Clock Delay      (SCD):    0.973ns
    Clock Pessimism Removal (CPR):    0.000ns
  Clock Uncertainty:      0.035ns  ((TSJ^2 + TIJ^2)^1/2 + DJ) / 2 + PE
    Total System Jitter     (TSJ):    0.071ns
    Total Input Jitter      (TIJ):    0.000ns
    Discrete Jitter          (DJ):    0.000ns
    Phase Error              (PE):    0.000ns

    Location             Delay type                Incr(ns)  Path(ns)    Netlist Resource(s)
  -------------------------------------------------------------------    -------------------
                         (clock clk rise edge)        0.000     0.000 r  
                                                      0.000     0.000 r  clk (IN)
                         net (fo=2584, unset)         0.973     0.973    neuron_50/clk
                         FDPE                                         r  neuron_50/result_reg[0]/C
  -------------------------------------------------------------------    -------------------
                         FDPE (Prop_fdpe_C_Q)         0.518     1.491 r  neuron_50/result_reg[0]/Q
                         net (fo=19, unplaced)        0.800     2.291    neuron_50/neuron_result[50][0]
                         LUT3 (Prop_lut3_I0_O)        0.319     2.610 r  neuron_50/score_out[10]_i_1850/O
                         net (fo=2, unplaced)         0.865     3.475    neuron_50/score_out[10]_i_1850_n_0
                         CARRY4 (Prop_carry4_S[1]_O[2])
                                                      0.906     4.381 r  neuron_50/score_out_reg[10]_i_1679/O[2]
                         net (fo=2, unplaced)         0.916     5.297    neuron_50/score_out_reg[10]_i_1679_n_5
                         LUT3 (Prop_lut3_I0_O)        0.330     5.627 r  neuron_50/score_out[10]_i_1240/O
                         net (fo=2, unplaced)         0.517     6.144    neuron_50/score_out[10]_i_1240_n_0
                         LUT4 (Prop_lut4_I3_O)        0.331     6.475 r  neuron_50/score_out[10]_i_1243/O
                         net (fo=1, unplaced)         0.000     6.475    neuron_50/score_out[10]_i_1243_n_0
                         CARRY4 (Prop_carry4_S[3]_O[3])
                                                      0.255     6.730 r  neuron_50/score_out_reg[10]_i_898/O[3]
                         net (fo=2, unplaced)         0.611     7.341    neuron_50/score_out_reg[10]_i_898_n_4
                         LUT3 (Prop_lut3_I0_O)        0.333     7.674 r  neuron_50/score_out[10]_i_358/O
                         net (fo=2, unplaced)         0.485     8.159    neuron_50/score_out[10]_i_358_n_0
                         LUT4 (Prop_lut4_I3_O)        0.355     8.514 r  neuron_50/score_out[10]_i_362/O
                         net (fo=1, unplaced)         0.000     8.514    neuron_50/score_out[10]_i_362_n_0
                         CARRY4 (Prop_carry4_S[0]_O[0])
                                                      0.252     8.766 r  neuron_50/score_out_reg[10]_i_262/O[0]
                         net (fo=2, unplaced)         0.752     9.518    neuron_50/score_out_reg[10]_i_262_n_7
                         LUT3 (Prop_lut3_I0_O)        0.319     9.837 r  neuron_50/score_out[10]_i_96/O
                         net (fo=2, unplaced)         0.395    10.232    neuron_50/score_out[10]_i_96_n_0
                         CARRY4 (Prop_carry4_DI[1]_O[2])
                                                      0.770    11.002 r  neuron_50/score_out_reg[10]_i_55/O[2]
                         net (fo=2, unplaced)         0.916    11.918    neuron_50/score_out_reg[10]_i_55_n_5
                         LUT3 (Prop_lut3_I0_O)        0.330    12.248 r  neuron_50/score_out[10]_i_28/O
                         net (fo=2, unplaced)         0.517    12.765    neuron_50/score_out[10]_i_28_n_0
                         LUT4 (Prop_lut4_I3_O)        0.331    13.096 r  neuron_50/score_out[10]_i_32/O
                         net (fo=1, unplaced)         0.000    13.096    neuron_50/score_out[10]_i_32_n_0
                         CARRY4 (Prop_carry4_S[3]_O[3])
                                                      0.255    13.351 r  neuron_50/score_out_reg[10]_i_10/O[3]
                         net (fo=2, unplaced)         0.629    13.980    neuron_50/score_out_reg[10]_i_10_n_4
                         LUT3 (Prop_lut3_I0_O)        0.302    14.282 r  neuron_50/score_out[10]_i_3/O
                         net (fo=2, unplaced)         0.485    14.767    neuron_50/score_out[10]_i_3_n_0
                         LUT4 (Prop_lut4_I3_O)        0.355    15.122 r  neuron_50/score_out[10]_i_6/O
                         net (fo=1, unplaced)         0.000    15.122    neuron_50/score_out[10]_i_6_n_0
                         CARRY4 (Prop_carry4_S[0]_O[2])
                                                      0.544    15.666 r  neuron_50/score_out_reg[10]_i_1/O[2]
                         net (fo=2, unplaced)         0.916    16.582    neuron_50/D[10]
                         LUT6 (Prop_lut6_I1_O)        0.301    16.883 r  neuron_50/class_out_i_9/O
                         net (fo=1, unplaced)         0.449    17.332    neuron_50/class_out_i_9_n_0
                         LUT6 (Prop_lut6_I2_O)        0.124    17.456 r  neuron_50/class_out_i_2/O
                         net (fo=1, unplaced)         0.000    17.456    p_0_in
                         FDCE                                         r  class_out_reg/D
  -------------------------------------------------------------------    -------------------

                         (clock clk rise edge)        5.000     5.000 r  
                                                      0.000     5.000 r  clk (IN)
                         net (fo=2584, unset)         0.924     5.924    clk
                         FDCE                                         r  class_out_reg/C
                         clock pessimism              0.000     5.924    
                         clock uncertainty           -0.035     5.889    
                         FDCE (Setup_fdce_C_D)        0.077     5.966    class_out_reg
  -------------------------------------------------------------------
                         required time                          5.966    
                         arrival time                         -17.456    
  -------------------------------------------------------------------
                         slack                                -11.490    





Min Delay Paths
--------------------------------------------------------------------------------------
Slack (MET) :             0.346ns  (arrival time - required time)
  Source:                 neuron_293/FSM_sequential_state_reg/C
                            (rising edge-triggered cell FDCE clocked by clk  {rise@0.000ns fall@2.500ns period=5.000ns})
  Destination:            neuron_293/hi_reg[0]/D
                            (rising edge-triggered cell FDCE clocked by clk  {rise@0.000ns fall@2.500ns period=5.000ns})
  Path Group:             clk
  Path Type:              Hold (Min at Fast Process Corner)
  Requirement:            0.000ns  (clk rise@0.000ns - clk rise@0.000ns)
  Data Path Delay:        0.488ns  (logic 0.262ns (53.742%)  route 0.226ns (46.258%))
  Logic Levels:           1  (LUT2=1)
  Clock Path Skew:        0.022ns (DCD - SCD - CPR)
    Destination Clock Delay (DCD):    0.432ns
    Source Clock Delay      (SCD):    0.410ns
    Clock Pessimism Removal (CPR):    -0.000ns

    Location             Delay type                Incr(ns)  Path(ns)    Netlist Resource(s)
  -------------------------------------------------------------------    -------------------
                         (clock clk rise edge)        0.000     0.000 r  
                                                      0.000     0.000 r  clk (IN)
                         net (fo=2584, unset)         0.410     0.410    neuron_293/clk
                         FDCE                                         r  neuron_293/FSM_sequential_state_reg/C
  -------------------------------------------------------------------    -------------------
                         FDCE (Prop_fdce_C_Q)         0.164     0.574 r  neuron_293/FSM_sequential_state_reg/Q
                         net (fo=25, unplaced)        0.226     0.800    neuron_293/neuron_busy[293]
                         LUT2 (Prop_lut2_I0_O)        0.098     0.898 r  neuron_293/hi[0]_i_1__18/O
                         net (fo=1, unplaced)         0.000     0.898    neuron_293/hi[0]_i_1__18_n_0
                         FDCE                                         r  neuron_293/hi_reg[0]/D
  -------------------------------------------------------------------    -------------------

                         (clock clk rise edge)        0.000     0.000 r  
                                                      0.000     0.000 r  clk (IN)
                         net (fo=2584, unset)         0.432     0.432    neuron_293/clk
                         FDCE                                         r  neuron_293/hi_reg[0]/C
                         clock pessimism              0.000     0.432    
                         FDCE (Hold_fdce_C_D)         0.120     0.552    neuron_293/hi_reg[0]
  -------------------------------------------------------------------
                         required time                         -0.552    
                         arrival time                           0.898    
  -------------------------------------------------------------------
                         slack                                  0.346    





Pulse Width Checks
--------------------------------------------------------------------------------------
Clock Name:         clk
Waveform(ns):       { 0.000 2.500 }
Period(ns):         5.000
Sources:            { clk }

Check Type        Corner  Lib Pin  Reference Pin  Required(ns)  Actual(ns)  Slack(ns)  Location  Pin
Min Period        n/a     FDCE/C   n/a            1.000         5.000       4.000                class_out_reg/C
Low Pulse Width   Slow    FDCE/C   n/a            0.500         2.500       2.000                class_out_reg/C
High Pulse Width  Slow    FDCE/C   n/a            0.500         2.500       2.000                class_out_reg/C



