==============================================================================
  ciciot random_3way binary — RF + XGBoost + AdaBoost (raw numeric)
==============================================================================

Loading ciciot random_3way split (top-20 features, RAW numeric) from lacg030175/CIC-IoT-2023-neto-subsample...
  Loaded in 1.8s; 20/20 top-20 features present
  Train (1143802, 20)  Normal=14.0% Attack=86.0%
  Test  (142975, 20)  Normal=14.0% Attack=86.0%
  Val   (142976, 20)  Normal=14.0% Attack=86.0%

------------------------------------------------------------------------------
  RF (100 estimators, max_depth=None)
------------------------------------------------------------------------------
  Train time:  13.0s
  Infer time:  0.067s  (0.5 µs/sample)
  Model size:  314,117,240 bytes (299.57 MB)
  [fixed_05 thr=0.50]  TN=18,524 FP=1,476 FN=1,608 TP=121,367  F1 95.53%  FPR 7.38%  Acc 97.84%
  [val_cal  thr=0.50]  TN=18,524 FP=1,476 FN=1,608 TP=121,367  F1 95.53%  FPR 7.38%  Acc 97.84%

------------------------------------------------------------------------------
  XGBoost (100 estimators, max_depth=6, lr=0.1)
------------------------------------------------------------------------------
  Train time:  0.8s
  Infer time:  0.009s  (0.1 µs/sample)
  Model size:  342,502 bytes (0.33 MB)
  [fixed_05 thr=0.50]  TN=18,308 FP=1,692 FN=2,088 TP=120,887  F1 94.55%  FPR 8.46%  Acc 97.36%
  [val_cal  thr=0.52]  TN=18,420 FP=1,580 FN=2,222 TP=120,753  F1 94.55%  FPR 7.90%  Acc 97.34%

------------------------------------------------------------------------------
  AdaBoost (100 depth-1 stumps)
------------------------------------------------------------------------------
  Train time:  112.6s
  Infer time:  0.180s  (1.3 µs/sample)
  Model size:  55,860 bytes (0.05 MB)
  [fixed_05 thr=0.50]  TN=17,986 FP=2,014 FN=2,875 TP=120,100  F1 93.02%  FPR 10.07%  Acc 96.58%
  [val_cal  thr=0.50]  TN=17,986 FP=2,014 FN=2,875 TP=120,100  F1 93.02%  FPR 10.07%  Acc 96.58%

==============================================================================
  ciciot random_3way (raw numeric) — scored on the TEST partition
==============================================================================
  Method   mode        thr        F1       FPR       Acc        Size
  ------------------------------------------------------------------
  RF       fixed_05   0.50    95.53%     7.38%    97.84%   299.57 MB
  RF       val_cal    0.50    95.53%     7.38%    97.84%   299.57 MB
  XGBoost  fixed_05   0.50    94.55%     8.46%    97.36%     0.33 MB
  XGBoost  val_cal    0.52    94.55%     7.90%    97.34%     0.33 MB
  AdaBoost fixed_05   0.50    93.02%    10.07%    96.58%     0.05 MB
  AdaBoost val_cal    0.50    93.02%    10.07%    96.58%     0.05 MB
