==============================================================================
  ciciot random_3way binary — RF + XGBoost + AdaBoost (8-bit thermo)
==============================================================================

Loading ciciot random_3way split (top-20 features, 8-bit thermo)...
  Loading from HuggingFace: lacg030175/CIC-IoT-2023-neto-subsample (random_3way)...
  Random_3way split: 1,143,802 train, 142,975 test, 142,976 val
  Using 46 features
  Encoder: 173 total bits (distributive, 8 bits/feature, feature_selection=top20, 20 features)
  Train: 160,000 normal, 983,802 attack
  Test:  20,000 normal, 122,975 attack
  Val:   20,000 normal, 122,976 attack
  Loaded in 5.1s
  Train (1143802, 173)  Normal=14.0% Attack=86.0%
  Test  (142975, 173)  Normal=14.0% Attack=86.0%
  Val   (142976, 173)  Normal=14.0% Attack=86.0%

------------------------------------------------------------------------------
  RF (100 estimators, max_depth=None)
------------------------------------------------------------------------------
  Train time:  6.6s
  Infer time:  0.174s  (1.2 µs/sample)
  Model size:  1,285,968,694 bytes (1226.40 MB)
  [fixed_05 thr=0.50]  TN=16,003 FP=3,997 FN=3,930 TP=119,045  F1 88.46%  FPR 19.98%  Acc 94.46%
  [val_cal  thr=0.59]  TN=17,002 FP=2,998 FN=5,131 TP=117,844  F1 88.69%  FPR 14.99%  Acc 94.31%

------------------------------------------------------------------------------
  XGBoost (100 estimators, max_depth=6, lr=0.1)
------------------------------------------------------------------------------
  Train time:  3.7s
  Infer time:  0.023s  (0.2 µs/sample)
  Model size:  410,716 bytes (0.39 MB)
  [fixed_05 thr=0.50]  TN=16,216 FP=3,784 FN=4,009 TP=118,966  F1 88.73%  FPR 18.92%  Acc 94.55%
  [val_cal  thr=0.57]  TN=16,979 FP=3,021 FN=4,956 TP=118,019  F1 88.85%  FPR 15.10%  Acc 94.42%

------------------------------------------------------------------------------
  AdaBoost (100 depth-1 stumps)
------------------------------------------------------------------------------
  Train time:  150.6s
  Infer time:  1.123s  (7.9 µs/sample)
  Model size:  56,626 bytes (0.05 MB)
  [fixed_05 thr=0.50]  TN=14,314 FP=5,686 FN=5,773 TP=117,202  F1 83.38%  FPR 28.43%  Acc 91.99%
  [val_cal  thr=0.51]  TN=15,677 FP=4,323 FN=7,499 TP=115,476  F1 83.87%  FPR 21.62%  Acc 91.73%

==============================================================================
  ciciot random_3way (8-bit thermo) — scored on the TEST partition
==============================================================================
  Method   mode        thr        F1       FPR       Acc        Size
  ------------------------------------------------------------------
  RF       fixed_05   0.50    88.46%    19.98%    94.46%  1226.40 MB
  RF       val_cal    0.59    88.69%    14.99%    94.31%  1226.40 MB
  XGBoost  fixed_05   0.50    88.73%    18.92%    94.55%     0.39 MB
  XGBoost  val_cal    0.57    88.85%    15.10%    94.42%     0.39 MB
  AdaBoost fixed_05   0.50    83.38%    28.43%    91.99%     0.05 MB
  AdaBoost val_cal    0.51    83.87%    21.62%    91.73%     0.05 MB
