Copyright 1986-2022 Xilinx, Inc. All Rights Reserved. Copyright 2022-2025 Advanced Micro Devices, Inc. All Rights Reserved.
---------------------------------------------------------------------------------------------------------------------------------------------
| Tool Version : Vivado v.2025.2 (lin64) Build 6299465 Fri Nov 14 12:34:56 MST 2025
| Date         : Thu Mar 26 13:56:50 2026
| Host         : ip-172-31-4-108 running 64-bit Ubuntu 22.04.5 LTS
| Command      : report_timing_summary -file /home/ubuntu/wnn_fpga/results/CICIDS_11n_best/timing.rpt
| Design       : wnn_classifier_impl
| Device       : 7z020-clg400
| Speed File   : -1  PRODUCTION 1.12 2019-11-22
| Design State : Synthesized
---------------------------------------------------------------------------------------------------------------------------------------------

Timing Summary Report

------------------------------------------------------------------------------------------------
| Timer Settings
| --------------
------------------------------------------------------------------------------------------------

  Enable Multi Corner Analysis               :  Yes
  Enable Pessimism Removal                   :  Yes
  Pessimism Removal Resolution               :  Nearest Common Node
  Enable Input Delay Default Clock           :  No
  Enable Preset / Clear Arcs                 :  No
  Disable Flight Delays                      :  No
  Ignore I/O Paths                           :  No
  Timing Early Launch at Borrowing Latches   :  No
  Borrow Time for Max Delay Exceptions       :  Yes
  Merge Timing Exceptions                    :  Yes
  Inter-SLR Compensation                     :  Conservative

  Corner  Analyze    Analyze    
  Name    Max Paths  Min Paths  
  ------  ---------  ---------  
  Slow    Yes        Yes        
  Fast    Yes        Yes        


------------------------------------------------------------------------------------------------
| Report Methodology
| ------------------
------------------------------------------------------------------------------------------------

No report available as report_methodology has not been run prior. Run report_methodology on the current design for the summary of methodology violations.



check_timing report

Table of Contents
-----------------
1. checking no_clock (0)
2. checking constant_clock (0)
3. checking pulse_width_clock (0)
4. checking unconstrained_internal_endpoints (0)
5. checking no_input_delay (211)
6. checking no_output_delay (7)
7. checking multiple_clock (0)
8. checking generated_clocks (0)
9. checking loops (0)
10. checking partial_input_delay (0)
11. checking partial_output_delay (0)
12. checking latch_loops (0)

1. checking no_clock (0)
------------------------
 There are 0 register/latch pins with no clock.


2. checking constant_clock (0)
------------------------------
 There are 0 register/latch pins with constant_clock.


3. checking pulse_width_clock (0)
---------------------------------
 There are 0 register/latch pins which need pulse_width check


4. checking unconstrained_internal_endpoints (0)
------------------------------------------------
 There are 0 pins that are not constrained for maximum delay.

 There are 0 pins that are not constrained for maximum delay due to constant clock.


5. checking no_input_delay (211)
--------------------------------
 There are 211 input ports with no input delay specified. (HIGH)

 There are 0 input ports with no input delay but user has a false path constraint.


6. checking no_output_delay (7)
-------------------------------
 There are 7 ports with no output delay specified. (HIGH)

 There are 0 ports with no output delay but user has a false path constraint

 There are 0 ports with no output delay but with a timing clock defined on it or propagating through it


7. checking multiple_clock (0)
------------------------------
 There are 0 register/latch pins with multiple clocks.


8. checking generated_clocks (0)
--------------------------------
 There are 0 generated clocks that are not connected to a clock source.


9. checking loops (0)
---------------------
 There are 0 combinational loops in the design.


10. checking partial_input_delay (0)
------------------------------------
 There are 0 input ports with partial input delay specified.


11. checking partial_output_delay (0)
-------------------------------------
 There are 0 ports with partial output delay specified.


12. checking latch_loops (0)
----------------------------
 There are 0 combinational latch loops in the design through latch input



------------------------------------------------------------------------------------------------
| Design Timing Summary
| ---------------------
------------------------------------------------------------------------------------------------

    WNS(ns)      TNS(ns)  TNS Failing Endpoints  TNS Total Endpoints      WHS(ns)      THS(ns)  THS Failing Endpoints  THS Total Endpoints     WPWS(ns)     TPWS(ns)  TPWS Failing Endpoints  TPWS Total Endpoints  
    -------      -------  ---------------------  -------------------      -------      -------  ---------------------  -------------------     --------     --------  ----------------------  --------------------  
     -0.122       -0.369                     16                  506        0.319        0.000                      0                  506        2.000        0.000                       0                   276  


Timing constraints are not met.


------------------------------------------------------------------------------------------------
| Clock Summary
| -------------
------------------------------------------------------------------------------------------------

Clock  Waveform(ns)         Period(ns)      Frequency(MHz)
-----  ------------         ----------      --------------
clk    {0.000 2.500}        5.000           200.000         


------------------------------------------------------------------------------------------------
| Intra Clock Table
| -----------------
------------------------------------------------------------------------------------------------

Clock             WNS(ns)      TNS(ns)  TNS Failing Endpoints  TNS Total Endpoints      WHS(ns)      THS(ns)  THS Failing Endpoints  THS Total Endpoints     WPWS(ns)     TPWS(ns)  TPWS Failing Endpoints  TPWS Total Endpoints  
-----             -------      -------  ---------------------  -------------------      -------      -------  ---------------------  -------------------     --------     --------  ----------------------  --------------------  
clk                -0.122       -0.369                     16                  506        0.319        0.000                      0                  506        2.000        0.000                       0                   276  


------------------------------------------------------------------------------------------------
| Inter Clock Table
| -----------------
------------------------------------------------------------------------------------------------

From Clock    To Clock          WNS(ns)      TNS(ns)  TNS Failing Endpoints  TNS Total Endpoints      WHS(ns)      THS(ns)  THS Failing Endpoints  THS Total Endpoints  
----------    --------          -------      -------  ---------------------  -------------------      -------      -------  ---------------------  -------------------  


------------------------------------------------------------------------------------------------
| Other Path Groups Table
| -----------------------
------------------------------------------------------------------------------------------------

Path Group    From Clock    To Clock          WNS(ns)      TNS(ns)  TNS Failing Endpoints  TNS Total Endpoints      WHS(ns)      THS(ns)  THS Failing Endpoints  THS Total Endpoints  
----------    ----------    --------          -------      -------  ---------------------  -------------------      -------      -------  ---------------------  -------------------  


------------------------------------------------------------------------------------------------
| Timing Details
| --------------
------------------------------------------------------------------------------------------------


---------------------------------------------------------------------------------------------------
From Clock:  clk
  To Clock:  clk

Setup :           16  Failing Endpoints,  Worst Slack       -0.122ns,  Total Violation       -0.369ns
Hold  :            0  Failing Endpoints,  Worst Slack        0.319ns,  Total Violation        0.000ns
PW    :            0  Failing Endpoints,  Worst Slack        2.000ns,  Total Violation        0.000ns
---------------------------------------------------------------------------------------------------


Max Delay Paths
--------------------------------------------------------------------------------------
Slack (VIOLATED) :        -0.122ns  (required time - arrival time)
  Source:                 neuron_4/lo_reg[1]/C
                            (rising edge-triggered cell FDCE clocked by clk  {rise@0.000ns fall@2.500ns period=5.000ns})
  Destination:            neuron_4/lo_reg[12]/D
                            (rising edge-triggered cell FDCE clocked by clk  {rise@0.000ns fall@2.500ns period=5.000ns})
  Path Group:             clk
  Path Type:              Setup (Max at Slow Process Corner)
  Requirement:            5.000ns  (clk rise@5.000ns - clk rise@0.000ns)
  Data Path Delay:        5.115ns  (logic 3.000ns (58.651%)  route 2.115ns (41.349%))
  Logic Levels:           7  (CARRY4=5 LUT2=2)
  Clock Path Skew:        -0.049ns (DCD - SCD + CPR)
    Destination Clock Delay (DCD):    0.924ns = ( 5.924 - 5.000 ) 
    Source Clock Delay      (SCD):    0.973ns
    Clock Pessimism Removal (CPR):    0.000ns
  Clock Uncertainty:      0.035ns  ((TSJ^2 + TIJ^2)^1/2 + DJ) / 2 + PE
    Total System Jitter     (TSJ):    0.071ns
    Total Input Jitter      (TIJ):    0.000ns
    Discrete Jitter          (DJ):    0.000ns
    Phase Error              (PE):    0.000ns

    Location             Delay type                Incr(ns)  Path(ns)    Netlist Resource(s)
  -------------------------------------------------------------------    -------------------
                         (clock clk rise edge)        0.000     0.000 r  
                                                      0.000     0.000 r  clk (IN)
                         net (fo=275, unset)          0.973     0.973    neuron_4/clk
                         FDCE                                         r  neuron_4/lo_reg[1]/C
  -------------------------------------------------------------------    -------------------
                         FDCE (Prop_fdce_C_Q)         0.518     1.491 r  neuron_4/lo_reg[1]/Q
                         net (fo=4, unplaced)         0.494     1.985    neuron_4/lo_reg_n_0_[1]
                         LUT2 (Prop_lut2_I0_O)        0.295     2.280 r  neuron_4/lo[0]_i_5__2/O
                         net (fo=1, unplaced)         0.000     2.280    neuron_4/lo[0]_i_5__2_n_0
                         CARRY4 (Prop_carry4_S[1]_CO[3])
                                                      0.533     2.813 r  neuron_4/lo_reg[0]_i_2__2/CO[3]
                         net (fo=1, unplaced)         0.009     2.822    neuron_4/lo_reg[0]_i_2__2_n_0
                         CARRY4 (Prop_carry4_CI_O[0])
                                                      0.232     3.054 r  neuron_4/hi_reg[6]_i_2__2/O[0]
                         net (fo=2, unplaced)         0.985     4.039    neuron_4/state3[4]
                         CARRY4 (Prop_carry4_S[2]_CO[3])
                                                      0.675     4.714 r  neuron_4/lo_reg[4]_i_2__3/CO[3]
                         net (fo=1, unplaced)         0.009     4.723    neuron_4/lo_reg[4]_i_2__3_n_0
                         CARRY4 (Prop_carry4_CI_CO[3])
                                                      0.117     4.840 r  neuron_4/lo_reg[8]_i_2__2/CO[3]
                         net (fo=1, unplaced)         0.000     4.840    neuron_4/lo_reg[8]_i_2__2_n_0
                         CARRY4 (Prop_carry4_CI_O[3])
                                                      0.331     5.171 r  neuron_4/lo_reg[12]_i_2/O[3]
                         net (fo=1, unplaced)         0.618     5.789    neuron_4/in10[12]
                         LUT2 (Prop_lut2_I1_O)        0.299     6.088 r  neuron_4/lo[12]_i_1__6/O
                         net (fo=1, unplaced)         0.000     6.088    neuron_4/lo[12]_i_1__6_n_0
                         FDCE                                         r  neuron_4/lo_reg[12]/D
  -------------------------------------------------------------------    -------------------

                         (clock clk rise edge)        5.000     5.000 r  
                                                      0.000     5.000 r  clk (IN)
                         net (fo=275, unset)          0.924     5.924    neuron_4/clk
                         FDCE                                         r  neuron_4/lo_reg[12]/C
                         clock pessimism              0.000     5.924    
                         clock uncertainty           -0.035     5.889    
                         FDCE (Setup_fdce_C_D)        0.077     5.966    neuron_4/lo_reg[12]
  -------------------------------------------------------------------
                         required time                          5.966    
                         arrival time                          -6.088    
  -------------------------------------------------------------------
                         slack                                 -0.122    





Min Delay Paths
--------------------------------------------------------------------------------------
Slack (MET) :             0.319ns  (arrival time - required time)
  Source:                 neuron_4/result_valid_reg/C
                            (rising edge-triggered cell FDCE clocked by clk  {rise@0.000ns fall@2.500ns period=5.000ns})
  Destination:            output_valid_reg/D
                            (rising edge-triggered cell FDCE clocked by clk  {rise@0.000ns fall@2.500ns period=5.000ns})
  Path Group:             clk
  Path Type:              Hold (Min at Fast Process Corner)
  Requirement:            0.000ns  (clk rise@0.000ns - clk rise@0.000ns)
  Data Path Delay:        0.460ns  (logic 0.262ns (56.942%)  route 0.198ns (43.058%))
  Logic Levels:           1  (LUT6=1)
  Clock Path Skew:        0.022ns (DCD - SCD - CPR)
    Destination Clock Delay (DCD):    0.432ns
    Source Clock Delay      (SCD):    0.410ns
    Clock Pessimism Removal (CPR):    -0.000ns

    Location             Delay type                Incr(ns)  Path(ns)    Netlist Resource(s)
  -------------------------------------------------------------------    -------------------
                         (clock clk rise edge)        0.000     0.000 r  
                                                      0.000     0.000 r  clk (IN)
                         net (fo=275, unset)          0.410     0.410    neuron_4/clk
                         FDCE                                         r  neuron_4/result_valid_reg/C
  -------------------------------------------------------------------    -------------------
                         FDCE (Prop_fdce_C_Q)         0.164     0.574 r  neuron_4/result_valid_reg/Q
                         net (fo=1, unplaced)         0.198     0.772    neuron_1/output_valid_reg[3]
                         LUT6 (Prop_lut6_I5_O)        0.098     0.870 r  neuron_1/class_out_i_1/O
                         net (fo=6, unplaced)         0.000     0.870    all_valid
                         FDCE                                         r  output_valid_reg/D
  -------------------------------------------------------------------    -------------------

                         (clock clk rise edge)        0.000     0.000 r  
                                                      0.000     0.000 r  clk (IN)
                         net (fo=275, unset)          0.432     0.432    clk
                         FDCE                                         r  output_valid_reg/C
                         clock pessimism              0.000     0.432    
                         FDCE (Hold_fdce_C_D)         0.120     0.552    output_valid_reg
  -------------------------------------------------------------------
                         required time                         -0.552    
                         arrival time                           0.870    
  -------------------------------------------------------------------
                         slack                                  0.319    





Pulse Width Checks
--------------------------------------------------------------------------------------
Clock Name:         clk
Waveform(ns):       { 0.000 2.500 }
Period(ns):         5.000
Sources:            { clk }

Check Type        Corner  Lib Pin  Reference Pin  Required(ns)  Actual(ns)  Slack(ns)  Location  Pin
Min Period        n/a     FDCE/C   n/a            1.000         5.000       4.000                class_out_reg/C
Low Pulse Width   Slow    FDCE/C   n/a            0.500         2.500       2.000                class_out_reg/C
High Pulse Width  Slow    FDCE/C   n/a            0.500         2.500       2.000                class_out_reg/C



