Copyright 1986-2022 Xilinx, Inc. All Rights Reserved. Copyright 2022-2025 Advanced Micro Devices, Inc. All Rights Reserved.
---------------------------------------------------------------------------------------------------------------------------------------------
| Tool Version : Vivado v.2025.2 (lin64) Build 6299465 Fri Nov 14 12:34:56 MST 2025
| Date         : Tue Apr 14 13:28:06 2026
| Host         : ip-172-31-4-108 running 64-bit Ubuntu 22.04.5 LTS
| Command      : report_timing_summary -file /home/ubuntu/wnn_fpga/results/F1156_matchedFPR_300n32b/timing.rpt
| Design       : wnn_classifier_impl
| Device       : 7z020-clg400
| Speed File   : -1  PRODUCTION 1.12 2019-11-22
| Design State : Synthesized
---------------------------------------------------------------------------------------------------------------------------------------------

Timing Summary Report

------------------------------------------------------------------------------------------------
| Timer Settings
| --------------
------------------------------------------------------------------------------------------------

  Enable Multi Corner Analysis               :  Yes
  Enable Pessimism Removal                   :  Yes
  Pessimism Removal Resolution               :  Nearest Common Node
  Enable Input Delay Default Clock           :  No
  Enable Preset / Clear Arcs                 :  No
  Disable Flight Delays                      :  No
  Ignore I/O Paths                           :  No
  Timing Early Launch at Borrowing Latches   :  No
  Borrow Time for Max Delay Exceptions       :  Yes
  Merge Timing Exceptions                    :  Yes
  Inter-SLR Compensation                     :  Conservative

  Corner  Analyze    Analyze    
  Name    Max Paths  Min Paths  
  ------  ---------  ---------  
  Slow    Yes        Yes        
  Fast    Yes        Yes        


------------------------------------------------------------------------------------------------
| Report Methodology
| ------------------
------------------------------------------------------------------------------------------------

No report available as report_methodology has not been run prior. Run report_methodology on the current design for the summary of methodology violations.



check_timing report

Table of Contents
-----------------
1. checking no_clock (0)
2. checking constant_clock (0)
3. checking pulse_width_clock (0)
4. checking unconstrained_internal_endpoints (0)
5. checking no_input_delay (162)
6. checking no_output_delay (13)
7. checking multiple_clock (0)
8. checking generated_clocks (0)
9. checking loops (0)
10. checking partial_input_delay (0)
11. checking partial_output_delay (0)
12. checking latch_loops (0)

1. checking no_clock (0)
------------------------
 There are 0 register/latch pins with no clock.


2. checking constant_clock (0)
------------------------------
 There are 0 register/latch pins with constant_clock.


3. checking pulse_width_clock (0)
---------------------------------
 There are 0 register/latch pins which need pulse_width check


4. checking unconstrained_internal_endpoints (0)
------------------------------------------------
 There are 0 pins that are not constrained for maximum delay.

 There are 0 pins that are not constrained for maximum delay due to constant clock.


5. checking no_input_delay (162)
--------------------------------
 There are 162 input ports with no input delay specified. (HIGH)

 There are 0 input ports with no input delay but user has a false path constraint.


6. checking no_output_delay (13)
--------------------------------
 There are 13 ports with no output delay specified. (HIGH)

 There are 0 ports with no output delay but user has a false path constraint

 There are 0 ports with no output delay but with a timing clock defined on it or propagating through it


7. checking multiple_clock (0)
------------------------------
 There are 0 register/latch pins with multiple clocks.


8. checking generated_clocks (0)
--------------------------------
 There are 0 generated clocks that are not connected to a clock source.


9. checking loops (0)
---------------------
 There are 0 combinational loops in the design.


10. checking partial_input_delay (0)
------------------------------------
 There are 0 input ports with partial input delay specified.


11. checking partial_output_delay (0)
-------------------------------------
 There are 0 ports with partial output delay specified.


12. checking latch_loops (0)
----------------------------
 There are 0 combinational latch loops in the design through latch input



------------------------------------------------------------------------------------------------
| Design Timing Summary
| ---------------------
------------------------------------------------------------------------------------------------

    WNS(ns)      TNS(ns)  TNS Failing Endpoints  TNS Total Endpoints      WHS(ns)      THS(ns)  THS Failing Endpoints  THS Total Endpoints     WPWS(ns)     TPWS(ns)  TPWS Failing Endpoints  TPWS Total Endpoints  
    -------      -------  ---------------------  -------------------      -------      -------  ---------------------  -------------------     --------     --------  ----------------------  --------------------  
     -8.479   -30868.857                  12900                25476        0.263        0.000                      0                25476        2.000        0.000                       0                 13789  


Timing constraints are not met.


------------------------------------------------------------------------------------------------
| Clock Summary
| -------------
------------------------------------------------------------------------------------------------

Clock  Waveform(ns)         Period(ns)      Frequency(MHz)
-----  ------------         ----------      --------------
clk    {0.000 2.500}        5.000           200.000         


------------------------------------------------------------------------------------------------
| Intra Clock Table
| -----------------
------------------------------------------------------------------------------------------------

Clock             WNS(ns)      TNS(ns)  TNS Failing Endpoints  TNS Total Endpoints      WHS(ns)      THS(ns)  THS Failing Endpoints  THS Total Endpoints     WPWS(ns)     TPWS(ns)  TPWS Failing Endpoints  TPWS Total Endpoints  
-----             -------      -------  ---------------------  -------------------      -------      -------  ---------------------  -------------------     --------     --------  ----------------------  --------------------  
clk                -8.479   -30868.857                  12900                25476        0.263        0.000                      0                25476        2.000        0.000                       0                 13789  


------------------------------------------------------------------------------------------------
| Inter Clock Table
| -----------------
------------------------------------------------------------------------------------------------

From Clock    To Clock          WNS(ns)      TNS(ns)  TNS Failing Endpoints  TNS Total Endpoints      WHS(ns)      THS(ns)  THS Failing Endpoints  THS Total Endpoints  
----------    --------          -------      -------  ---------------------  -------------------      -------      -------  ---------------------  -------------------  


------------------------------------------------------------------------------------------------
| Other Path Groups Table
| -----------------------
------------------------------------------------------------------------------------------------

Path Group    From Clock    To Clock          WNS(ns)      TNS(ns)  TNS Failing Endpoints  TNS Total Endpoints      WHS(ns)      THS(ns)  THS Failing Endpoints  THS Total Endpoints  
----------    ----------    --------          -------      -------  ---------------------  -------------------      -------      -------  ---------------------  -------------------  


------------------------------------------------------------------------------------------------
| Timing Details
| --------------
------------------------------------------------------------------------------------------------


---------------------------------------------------------------------------------------------------
From Clock:  clk
  To Clock:  clk

Setup :        12900  Failing Endpoints,  Worst Slack       -8.479ns,  Total Violation   -30868.858ns
Hold  :            0  Failing Endpoints,  Worst Slack        0.263ns,  Total Violation        0.000ns
PW    :            0  Failing Endpoints,  Worst Slack        2.000ns,  Total Violation        0.000ns
---------------------------------------------------------------------------------------------------


Max Delay Paths
--------------------------------------------------------------------------------------
Slack (VIOLATED) :        -8.479ns  (required time - arrival time)
  Source:                 neuron_latched_reg[202][0]/C
                            (rising edge-triggered cell FDRE clocked by clk  {rise@0.000ns fall@2.500ns period=5.000ns})
  Destination:            class_out_reg/D
                            (rising edge-triggered cell FDCE clocked by clk  {rise@0.000ns fall@2.500ns period=5.000ns})
  Path Group:             clk
  Path Type:              Setup (Max at Slow Process Corner)
  Requirement:            5.000ns  (clk rise@5.000ns - clk rise@0.000ns)
  Data Path Delay:        13.472ns  (logic 5.516ns (40.944%)  route 7.956ns (59.056%))
  Logic Levels:           17  (CARRY4=7 LUT3=4 LUT4=2 LUT5=2 LUT6=2)
  Clock Path Skew:        -0.049ns (DCD - SCD + CPR)
    Destination Clock Delay (DCD):    0.924ns = ( 5.924 - 5.000 ) 
    Source Clock Delay      (SCD):    0.973ns
    Clock Pessimism Removal (CPR):    0.000ns
  Clock Uncertainty:      0.035ns  ((TSJ^2 + TIJ^2)^1/2 + DJ) / 2 + PE
    Total System Jitter     (TSJ):    0.071ns
    Total Input Jitter      (TIJ):    0.000ns
    Discrete Jitter          (DJ):    0.000ns
    Phase Error              (PE):    0.000ns

    Location             Delay type                Incr(ns)  Path(ns)    Netlist Resource(s)
  -------------------------------------------------------------------    -------------------
                         (clock clk rise edge)        0.000     0.000 r  
                                                      0.000     0.000 r  clk (IN)
                         net (fo=13788, unset)        0.973     0.973    clk
                         FDRE                                         r  neuron_latched_reg[202][0]/C
  -------------------------------------------------------------------    -------------------
                         FDRE (Prop_fdre_C_Q)         0.518     1.491 r  neuron_latched_reg[202][0]/Q
                         net (fo=3, unplaced)         0.759     2.250    neuron_latched_reg_n_0_[202][0]
                         LUT3 (Prop_lut3_I0_O)        0.295     2.545 r  score_out[9]_i_1220/O
                         net (fo=2, unplaced)         0.580     3.125    score_out[9]_i_1220_n_0
                         CARRY4 (Prop_carry4_DI[1]_O[2])
                                                      0.566     3.691 r  score_out_reg[9]_i_965/O[2]
                         net (fo=2, unplaced)         0.916     4.607    score_out_reg[9]_i_965_n_5
                         LUT3 (Prop_lut3_I0_O)        0.301     4.908 r  score_out[9]_i_497/O
                         net (fo=2, unplaced)         0.460     5.368    score_out[9]_i_497_n_0
                         LUT4 (Prop_lut4_I3_O)        0.124     5.492 r  score_out[9]_i_500/O
                         net (fo=1, unplaced)         0.000     5.492    score_out[9]_i_500_n_0
                         CARRY4 (Prop_carry4_S[3]_CO[3])
                                                      0.376     5.868 r  score_out_reg[9]_i_307/CO[3]
                         net (fo=1, unplaced)         0.009     5.877    score_out_reg[9]_i_307_n_0
                         CARRY4 (Prop_carry4_CI_O[0])
                                                      0.232     6.109 r  score_out_reg[9]_i_304/O[0]
                         net (fo=2, unplaced)         0.752     6.861    score_out_reg[9]_i_304_n_7
                         LUT3 (Prop_lut3_I0_O)        0.295     7.156 r  score_out[9]_i_128/O
                         net (fo=2, unplaced)         0.650     7.806    score_out[9]_i_128_n_0
                         CARRY4 (Prop_carry4_DI[1]_O[2])
                                                      0.566     8.372 r  score_out_reg[9]_i_65/O[2]
                         net (fo=2, unplaced)         0.916     9.288    score_out_reg[9]_i_65_n_5
                         LUT4 (Prop_lut4_I1_O)        0.301     9.589 r  score_out[9]_i_30/O
                         net (fo=1, unplaced)         0.000     9.589    score_out[9]_i_30_n_0
                         CARRY4 (Prop_carry4_S[2]_O[2])
                                                      0.250     9.839 r  score_out_reg[9]_i_7/O[2]
                         net (fo=3, unplaced)         0.923    10.762    score_out_reg[9]_i_7_n_5
                         LUT3 (Prop_lut3_I0_O)        0.301    11.063 r  score_out[7]_i_10/O
                         net (fo=2, unplaced)         0.460    11.523    score_out[7]_i_10_n_0
                         LUT5 (Prop_lut5_I1_O)        0.124    11.647 r  score_out[7]_i_2/O
                         net (fo=2, unplaced)         0.460    12.107    score_out[7]_i_2_n_0
                         LUT6 (Prop_lut6_I0_O)        0.124    12.231 r  score_out[7]_i_6/O
                         net (fo=1, unplaced)         0.000    12.231    score_out[7]_i_6_n_0
                         CARRY4 (Prop_carry4_S[3]_CO[3])
                                                      0.376    12.607 r  score_out_reg[7]_i_1/CO[3]
                         net (fo=1, unplaced)         0.000    12.607    score_out_reg[7]_i_1_n_0
                         CARRY4 (Prop_carry4_CI_O[1])
                                                      0.337    12.944 r  score_out_reg[9]_i_1/O[1]
                         net (fo=2, unplaced)         0.622    13.566    weighted_sum[9]
                         LUT6 (Prop_lut6_I1_O)        0.306    13.872 r  class_out_i_6/O
                         net (fo=1, unplaced)         0.449    14.321    class_out_i_6_n_0
                         LUT5 (Prop_lut5_I2_O)        0.124    14.445 r  class_out_i_2/O
                         net (fo=1, unplaced)         0.000    14.445    p_0_in
                         FDCE                                         r  class_out_reg/D
  -------------------------------------------------------------------    -------------------

                         (clock clk rise edge)        5.000     5.000 r  
                                                      0.000     5.000 r  clk (IN)
                         net (fo=13788, unset)        0.924     5.924    clk
                         FDCE                                         r  class_out_reg/C
                         clock pessimism              0.000     5.924    
                         clock uncertainty           -0.035     5.889    
                         FDCE (Setup_fdce_C_D)        0.077     5.966    class_out_reg
  -------------------------------------------------------------------
                         required time                          5.966    
                         arrival time                         -14.445    
  -------------------------------------------------------------------
                         slack                                 -8.479    





Min Delay Paths
--------------------------------------------------------------------------------------
Slack (MET) :             0.263ns  (arrival time - required time)
  Source:                 neuron_0/mid_reg[10]/C
                            (rising edge-triggered cell FDCE clocked by clk  {rise@0.000ns fall@2.500ns period=5.000ns})
  Destination:            neuron_0/hi_reg[10]/D
                            (rising edge-triggered cell FDCE clocked by clk  {rise@0.000ns fall@2.500ns period=5.000ns})
  Path Group:             clk
  Path Type:              Hold (Min at Fast Process Corner)
  Requirement:            0.000ns  (clk rise@0.000ns - clk rise@0.000ns)
  Data Path Delay:        0.405ns  (logic 0.262ns (64.708%)  route 0.143ns (35.292%))
  Logic Levels:           1  (LUT2=1)
  Clock Path Skew:        0.022ns (DCD - SCD - CPR)
    Destination Clock Delay (DCD):    0.432ns
    Source Clock Delay      (SCD):    0.410ns
    Clock Pessimism Removal (CPR):    -0.000ns

    Location             Delay type                Incr(ns)  Path(ns)    Netlist Resource(s)
  -------------------------------------------------------------------    -------------------
                         (clock clk rise edge)        0.000     0.000 r  
                                                      0.000     0.000 r  clk (IN)
                         net (fo=13788, unset)        0.410     0.410    neuron_0/clk
                         FDCE                                         r  neuron_0/mid_reg[10]/C
  -------------------------------------------------------------------    -------------------
                         FDCE (Prop_fdce_C_Q)         0.164     0.574 r  neuron_0/mid_reg[10]/Q
                         net (fo=5, unplaced)         0.143     0.717    neuron_0/mid_reg_n_0_[10]
                         LUT2 (Prop_lut2_I1_O)        0.098     0.815 r  neuron_0/hi[10]_i_1__290/O
                         net (fo=1, unplaced)         0.000     0.815    neuron_0/hi[10]_i_1__290_n_0
                         FDCE                                         r  neuron_0/hi_reg[10]/D
  -------------------------------------------------------------------    -------------------

                         (clock clk rise edge)        0.000     0.000 r  
                                                      0.000     0.000 r  clk (IN)
                         net (fo=13788, unset)        0.432     0.432    neuron_0/clk
                         FDCE                                         r  neuron_0/hi_reg[10]/C
                         clock pessimism              0.000     0.432    
                         FDCE (Hold_fdce_C_D)         0.120     0.552    neuron_0/hi_reg[10]
  -------------------------------------------------------------------
                         required time                         -0.552    
                         arrival time                           0.815    
  -------------------------------------------------------------------
                         slack                                  0.263    





Pulse Width Checks
--------------------------------------------------------------------------------------
Clock Name:         clk
Waveform(ns):       { 0.000 2.500 }
Period(ns):         5.000
Sources:            { clk }

Check Type        Corner  Lib Pin  Reference Pin  Required(ns)  Actual(ns)  Slack(ns)  Location  Pin
Min Period        n/a     FDCE/C   n/a            1.000         5.000       4.000                class_out_reg/C
Low Pulse Width   Slow    FDCE/C   n/a            0.500         2.500       2.000                class_out_reg/C
High Pulse Width  Slow    FDCE/C   n/a            0.500         2.500       2.000                class_out_reg/C



