Copyright 1986-2022 Xilinx, Inc. All Rights Reserved. Copyright 2022-2025 Advanced Micro Devices, Inc. All Rights Reserved.
---------------------------------------------------------------------------------------------------------------------------------------------
| Tool Version : Vivado v.2025.2 (lin64) Build 6299465 Fri Nov 14 12:34:56 MST 2025
| Date         : Tue Apr 14 03:37:50 2026
| Host         : ip-172-31-4-108 running 64-bit Ubuntu 22.04.5 LTS
| Command      : report_timing_summary -file /home/ubuntu/wnn_fpga/results/CICIDS_bestF1_94n32b/timing.rpt
| Design       : wnn_classifier_impl
| Device       : 7z020-clg400
| Speed File   : -1  PRODUCTION 1.12 2019-11-22
| Design State : Synthesized
---------------------------------------------------------------------------------------------------------------------------------------------

Timing Summary Report

------------------------------------------------------------------------------------------------
| Timer Settings
| --------------
------------------------------------------------------------------------------------------------

  Enable Multi Corner Analysis               :  Yes
  Enable Pessimism Removal                   :  Yes
  Pessimism Removal Resolution               :  Nearest Common Node
  Enable Input Delay Default Clock           :  No
  Enable Preset / Clear Arcs                 :  No
  Disable Flight Delays                      :  No
  Ignore I/O Paths                           :  No
  Timing Early Launch at Borrowing Latches   :  No
  Borrow Time for Max Delay Exceptions       :  Yes
  Merge Timing Exceptions                    :  Yes
  Inter-SLR Compensation                     :  Conservative

  Corner  Analyze    Analyze    
  Name    Max Paths  Min Paths  
  ------  ---------  ---------  
  Slow    Yes        Yes        
  Fast    Yes        Yes        


------------------------------------------------------------------------------------------------
| Report Methodology
| ------------------
------------------------------------------------------------------------------------------------

No report available as report_methodology has not been run prior. Run report_methodology on the current design for the summary of methodology violations.



check_timing report

Table of Contents
-----------------
1. checking no_clock (0)
2. checking constant_clock (0)
3. checking pulse_width_clock (0)
4. checking unconstrained_internal_endpoints (0)
5. checking no_input_delay (310)
6. checking no_output_delay (11)
7. checking multiple_clock (0)
8. checking generated_clocks (0)
9. checking loops (0)
10. checking partial_input_delay (0)
11. checking partial_output_delay (0)
12. checking latch_loops (0)

1. checking no_clock (0)
------------------------
 There are 0 register/latch pins with no clock.


2. checking constant_clock (0)
------------------------------
 There are 0 register/latch pins with constant_clock.


3. checking pulse_width_clock (0)
---------------------------------
 There are 0 register/latch pins which need pulse_width check


4. checking unconstrained_internal_endpoints (0)
------------------------------------------------
 There are 0 pins that are not constrained for maximum delay.

 There are 0 pins that are not constrained for maximum delay due to constant clock.


5. checking no_input_delay (310)
--------------------------------
 There are 310 input ports with no input delay specified. (HIGH)

 There are 0 input ports with no input delay but user has a false path constraint.


6. checking no_output_delay (11)
--------------------------------
 There are 11 ports with no output delay specified. (HIGH)

 There are 0 ports with no output delay but user has a false path constraint

 There are 0 ports with no output delay but with a timing clock defined on it or propagating through it


7. checking multiple_clock (0)
------------------------------
 There are 0 register/latch pins with multiple clocks.


8. checking generated_clocks (0)
--------------------------------
 There are 0 generated clocks that are not connected to a clock source.


9. checking loops (0)
---------------------
 There are 0 combinational loops in the design.


10. checking partial_input_delay (0)
------------------------------------
 There are 0 input ports with partial input delay specified.


11. checking partial_output_delay (0)
-------------------------------------
 There are 0 ports with partial output delay specified.


12. checking latch_loops (0)
----------------------------
 There are 0 combinational latch loops in the design through latch input



------------------------------------------------------------------------------------------------
| Design Timing Summary
| ---------------------
------------------------------------------------------------------------------------------------

    WNS(ns)      TNS(ns)  TNS Failing Endpoints  TNS Total Endpoints      WHS(ns)      THS(ns)  THS Failing Endpoints  THS Total Endpoints     WPWS(ns)     TPWS(ns)  TPWS Failing Endpoints  TPWS Total Endpoints  
    -------      -------  ---------------------  -------------------      -------      -------  ---------------------  -------------------     --------     --------  ----------------------  --------------------  
     -5.948     -443.634                   1222                 2654        0.263        0.000                      0                 2654        2.000        0.000                       0                  1441  


Timing constraints are not met.


------------------------------------------------------------------------------------------------
| Clock Summary
| -------------
------------------------------------------------------------------------------------------------

Clock  Waveform(ns)         Period(ns)      Frequency(MHz)
-----  ------------         ----------      --------------
clk    {0.000 2.500}        5.000           200.000         


------------------------------------------------------------------------------------------------
| Intra Clock Table
| -----------------
------------------------------------------------------------------------------------------------

Clock             WNS(ns)      TNS(ns)  TNS Failing Endpoints  TNS Total Endpoints      WHS(ns)      THS(ns)  THS Failing Endpoints  THS Total Endpoints     WPWS(ns)     TPWS(ns)  TPWS Failing Endpoints  TPWS Total Endpoints  
-----             -------      -------  ---------------------  -------------------      -------      -------  ---------------------  -------------------     --------     --------  ----------------------  --------------------  
clk                -5.948     -443.634                   1222                 2654        0.263        0.000                      0                 2654        2.000        0.000                       0                  1441  


------------------------------------------------------------------------------------------------
| Inter Clock Table
| -----------------
------------------------------------------------------------------------------------------------

From Clock    To Clock          WNS(ns)      TNS(ns)  TNS Failing Endpoints  TNS Total Endpoints      WHS(ns)      THS(ns)  THS Failing Endpoints  THS Total Endpoints  
----------    --------          -------      -------  ---------------------  -------------------      -------      -------  ---------------------  -------------------  


------------------------------------------------------------------------------------------------
| Other Path Groups Table
| -----------------------
------------------------------------------------------------------------------------------------

Path Group    From Clock    To Clock          WNS(ns)      TNS(ns)  TNS Failing Endpoints  TNS Total Endpoints      WHS(ns)      THS(ns)  THS Failing Endpoints  THS Total Endpoints  
----------    ----------    --------          -------      -------  ---------------------  -------------------      -------      -------  ---------------------  -------------------  


------------------------------------------------------------------------------------------------
| Timing Details
| --------------
------------------------------------------------------------------------------------------------


---------------------------------------------------------------------------------------------------
From Clock:  clk
  To Clock:  clk

Setup :         1222  Failing Endpoints,  Worst Slack       -5.948ns,  Total Violation     -443.634ns
Hold  :            0  Failing Endpoints,  Worst Slack        0.263ns,  Total Violation        0.000ns
PW    :            0  Failing Endpoints,  Worst Slack        2.000ns,  Total Violation        0.000ns
---------------------------------------------------------------------------------------------------


Max Delay Paths
--------------------------------------------------------------------------------------
Slack (VIOLATED) :        -5.948ns  (required time - arrival time)
  Source:                 neuron_latched_reg[29][0]/C
                            (rising edge-triggered cell FDRE clocked by clk  {rise@0.000ns fall@2.500ns period=5.000ns})
  Destination:            class_out_reg/D
                            (rising edge-triggered cell FDCE clocked by clk  {rise@0.000ns fall@2.500ns period=5.000ns})
  Path Group:             clk
  Path Type:              Setup (Max at Slow Process Corner)
  Requirement:            5.000ns  (clk rise@5.000ns - clk rise@0.000ns)
  Data Path Delay:        10.941ns  (logic 4.438ns (40.563%)  route 6.503ns (59.437%))
  Logic Levels:           13  (CARRY4=5 LUT3=4 LUT4=2 LUT5=1 LUT6=1)
  Clock Path Skew:        -0.049ns (DCD - SCD + CPR)
    Destination Clock Delay (DCD):    0.924ns = ( 5.924 - 5.000 ) 
    Source Clock Delay      (SCD):    0.973ns
    Clock Pessimism Removal (CPR):    0.000ns
  Clock Uncertainty:      0.035ns  ((TSJ^2 + TIJ^2)^1/2 + DJ) / 2 + PE
    Total System Jitter     (TSJ):    0.071ns
    Total Input Jitter      (TIJ):    0.000ns
    Discrete Jitter          (DJ):    0.000ns
    Phase Error              (PE):    0.000ns

    Location             Delay type                Incr(ns)  Path(ns)    Netlist Resource(s)
  -------------------------------------------------------------------    -------------------
                         (clock clk rise edge)        0.000     0.000 r  
                                                      0.000     0.000 r  clk (IN)
                         net (fo=1440, unset)         0.973     0.973    clk
                         FDRE                                         r  neuron_latched_reg[29][0]/C
  -------------------------------------------------------------------    -------------------
                         FDRE (Prop_fdre_C_Q)         0.518     1.491 r  neuron_latched_reg[29][0]/Q
                         net (fo=11, unplaced)        0.787     2.278    neuron_latched_reg[29][0]
                         LUT3 (Prop_lut3_I0_O)        0.295     2.573 r  score_out[7]_i_219/O
                         net (fo=1, unplaced)         0.000     2.573    score_out[7]_i_219_n_0
                         CARRY4 (Prop_carry4_S[0]_O[0])
                                                      0.252     2.825 r  score_out_reg[7]_i_154/O[0]
                         net (fo=2, unplaced)         0.752     3.577    score_out_reg[7]_i_154_n_7
                         LUT3 (Prop_lut3_I0_O)        0.295     3.872 r  score_out[7]_i_117/O
                         net (fo=2, unplaced)         0.650     4.522    score_out[7]_i_117_n_0
                         CARRY4 (Prop_carry4_DI[1]_O[2])
                                                      0.566     5.088 r  score_out_reg[7]_i_70/O[2]
                         net (fo=2, unplaced)         0.916     6.004    score_out_reg[7]_i_70_n_5
                         LUT3 (Prop_lut3_I0_O)        0.301     6.305 r  score_out[7]_i_34/O
                         net (fo=2, unplaced)         0.460     6.765    score_out[7]_i_34_n_0
                         LUT4 (Prop_lut4_I3_O)        0.124     6.889 r  score_out[7]_i_37/O
                         net (fo=1, unplaced)         0.000     6.889    score_out[7]_i_37_n_0
                         CARRY4 (Prop_carry4_S[3]_CO[3])
                                                      0.376     7.265 r  score_out_reg[7]_i_16/CO[3]
                         net (fo=1, unplaced)         0.009     7.274    score_out_reg[7]_i_16_n_0
                         CARRY4 (Prop_carry4_CI_O[0])
                                                      0.232     7.506 r  score_out_reg[7]_i_12/O[0]
                         net (fo=3, unplaced)         0.759     8.265    score_out_reg[7]_i_12_n_7
                         LUT3 (Prop_lut3_I0_O)        0.295     8.560 r  score_out[7]_i_15/O
                         net (fo=2, unplaced)         0.460     9.020    score_out[7]_i_15_n_0
                         LUT5 (Prop_lut5_I1_O)        0.124     9.144 r  score_out[7]_i_4/O
                         net (fo=2, unplaced)         0.650     9.794    score_out[7]_i_4_n_0
                         CARRY4 (Prop_carry4_DI[1]_O[3])
                                                      0.629    10.423 r  score_out_reg[7]_i_1/O[3]
                         net (fo=2, unplaced)         0.611    11.034    weighted_sum[7]
                         LUT4 (Prop_lut4_I0_O)        0.307    11.341 r  class_out_i_9/O
                         net (fo=1, unplaced)         0.449    11.790    class_out_i_9_n_0
                         LUT6 (Prop_lut6_I1_O)        0.124    11.914 r  class_out_i_2/O
                         net (fo=1, unplaced)         0.000    11.914    class_out_i_2_n_0
                         FDCE                                         r  class_out_reg/D
  -------------------------------------------------------------------    -------------------

                         (clock clk rise edge)        5.000     5.000 r  
                                                      0.000     5.000 r  clk (IN)
                         net (fo=1440, unset)         0.924     5.924    clk
                         FDCE                                         r  class_out_reg/C
                         clock pessimism              0.000     5.924    
                         clock uncertainty           -0.035     5.889    
                         FDCE (Setup_fdce_C_D)        0.077     5.966    class_out_reg
  -------------------------------------------------------------------
                         required time                          5.966    
                         arrival time                         -11.914    
  -------------------------------------------------------------------
                         slack                                 -5.948    





Min Delay Paths
--------------------------------------------------------------------------------------
Slack (MET) :             0.263ns  (arrival time - required time)
  Source:                 neuron_0/mid_reg[10]/C
                            (rising edge-triggered cell FDCE clocked by clk  {rise@0.000ns fall@2.500ns period=5.000ns})
  Destination:            neuron_0/hi_reg[10]/D
                            (rising edge-triggered cell FDCE clocked by clk  {rise@0.000ns fall@2.500ns period=5.000ns})
  Path Group:             clk
  Path Type:              Hold (Min at Fast Process Corner)
  Requirement:            0.000ns  (clk rise@0.000ns - clk rise@0.000ns)
  Data Path Delay:        0.405ns  (logic 0.262ns (64.708%)  route 0.143ns (35.292%))
  Logic Levels:           1  (LUT2=1)
  Clock Path Skew:        0.022ns (DCD - SCD - CPR)
    Destination Clock Delay (DCD):    0.432ns
    Source Clock Delay      (SCD):    0.410ns
    Clock Pessimism Removal (CPR):    -0.000ns

    Location             Delay type                Incr(ns)  Path(ns)    Netlist Resource(s)
  -------------------------------------------------------------------    -------------------
                         (clock clk rise edge)        0.000     0.000 r  
                                                      0.000     0.000 r  clk (IN)
                         net (fo=1440, unset)         0.410     0.410    neuron_0/clk
                         FDCE                                         r  neuron_0/mid_reg[10]/C
  -------------------------------------------------------------------    -------------------
                         FDCE (Prop_fdce_C_Q)         0.164     0.574 r  neuron_0/mid_reg[10]/Q
                         net (fo=5, unplaced)         0.143     0.717    neuron_0/mid_reg_n_0_[10]
                         LUT2 (Prop_lut2_I1_O)        0.098     0.815 r  neuron_0/hi[10]_i_1__9/O
                         net (fo=1, unplaced)         0.000     0.815    neuron_0/hi[10]_i_1__9_n_0
                         FDCE                                         r  neuron_0/hi_reg[10]/D
  -------------------------------------------------------------------    -------------------

                         (clock clk rise edge)        0.000     0.000 r  
                                                      0.000     0.000 r  clk (IN)
                         net (fo=1440, unset)         0.432     0.432    neuron_0/clk
                         FDCE                                         r  neuron_0/hi_reg[10]/C
                         clock pessimism              0.000     0.432    
                         FDCE (Hold_fdce_C_D)         0.120     0.552    neuron_0/hi_reg[10]
  -------------------------------------------------------------------
                         required time                         -0.552    
                         arrival time                           0.815    
  -------------------------------------------------------------------
                         slack                                  0.263    





Pulse Width Checks
--------------------------------------------------------------------------------------
Clock Name:         clk
Waveform(ns):       { 0.000 2.500 }
Period(ns):         5.000
Sources:            { clk }

Check Type        Corner  Lib Pin  Reference Pin  Required(ns)  Actual(ns)  Slack(ns)  Location  Pin
Min Period        n/a     FDCE/C   n/a            1.000         5.000       4.000                class_out_reg/C
Low Pulse Width   Slow    FDCE/C   n/a            0.500         2.500       2.000                class_out_reg/C
High Pulse Width  Slow    FDCE/C   n/a            0.500         2.500       2.000                class_out_reg/C



