Copyright 1986-2022 Xilinx, Inc. All Rights Reserved. Copyright 2022-2025 Advanced Micro Devices, Inc. All Rights Reserved.
--------------------------------------------------------------------------------------------------------------------------------------------------
| Tool Version      : Vivado v.2025.2 (lin64) Build 6299465 Fri Nov 14 12:34:56 MST 2025
| Date              : Sun May 24 13:03:47 2026
| Host              : ip-172-31-4-108 running 64-bit Ubuntu 22.04.5 LTS
| Command           : report_timing_summary -file /home/ubuntu/wnn_fpga/export/ciciot_oi_n100_bestfitness_2693/timing_zu7cg.rpt
| Design            : wnn_classifier_impl
| Device            : xczu7cg-fbvb900
| Speed File        : -1  PRODUCTION 1.30 05-15-2022
| Design State      : Synthesized
| Temperature Grade : E
--------------------------------------------------------------------------------------------------------------------------------------------------

Timing Summary Report

------------------------------------------------------------------------------------------------
| Timer Settings
| --------------
------------------------------------------------------------------------------------------------

  Enable Multi Corner Analysis               :  Yes
  Enable Pessimism Removal                   :  Yes
  Pessimism Removal Resolution               :  Nearest Common Node
  Enable Input Delay Default Clock           :  No
  Enable Preset / Clear Arcs                 :  No
  Disable Flight Delays                      :  No
  Ignore I/O Paths                           :  No
  Timing Early Launch at Borrowing Latches   :  No
  Borrow Time for Max Delay Exceptions       :  Yes
  Merge Timing Exceptions                    :  Yes
  Inter-SLR Compensation                     :  Conservative

  Corner  Analyze    Analyze    
  Name    Max Paths  Min Paths  
  ------  ---------  ---------  
  Slow    Yes        Yes        
  Fast    Yes        Yes        


------------------------------------------------------------------------------------------------
| Report Methodology
| ------------------
------------------------------------------------------------------------------------------------

No report available as report_methodology has not been run prior. Run report_methodology on the current design for the summary of methodology violations.



check_timing report

Table of Contents
-----------------
1. checking no_clock (0)
2. checking constant_clock (0)
3. checking pulse_width_clock (0)
4. checking unconstrained_internal_endpoints (0)
5. checking no_input_delay (1532)
6. checking no_output_delay (12)
7. checking multiple_clock (0)
8. checking generated_clocks (0)
9. checking loops (0)
10. checking partial_input_delay (0)
11. checking partial_output_delay (0)
12. checking latch_loops (0)

1. checking no_clock (0)
------------------------
 There are 0 register/latch pins with no clock.


2. checking constant_clock (0)
------------------------------
 There are 0 register/latch pins with constant_clock.


3. checking pulse_width_clock (0)
---------------------------------
 There are 0 register/latch pins which need pulse_width check


4. checking unconstrained_internal_endpoints (0)
------------------------------------------------
 There are 0 pins that are not constrained for maximum delay.

 There are 0 pins that are not constrained for maximum delay due to constant clock.


5. checking no_input_delay (1532)
---------------------------------
 There are 1532 input ports with no input delay specified. (HIGH)

 There are 0 input ports with no input delay but user has a false path constraint.


6. checking no_output_delay (12)
--------------------------------
 There are 12 ports with no output delay specified. (HIGH)

 There are 0 ports with no output delay but user has a false path constraint

 There are 0 ports with no output delay but with a timing clock defined on it or propagating through it


7. checking multiple_clock (0)
------------------------------
 There are 0 register/latch pins with multiple clocks.


8. checking generated_clocks (0)
--------------------------------
 There are 0 generated clocks that are not connected to a clock source.


9. checking loops (0)
---------------------
 There are 0 combinational loops in the design.


10. checking partial_input_delay (0)
------------------------------------
 There are 0 input ports with partial input delay specified.


11. checking partial_output_delay (0)
-------------------------------------
 There are 0 ports with partial output delay specified.


12. checking latch_loops (0)
----------------------------
 There are 0 combinational latch loops in the design through latch input



------------------------------------------------------------------------------------------------
| Design Timing Summary
| ---------------------
------------------------------------------------------------------------------------------------

    WNS(ns)      TNS(ns)  TNS Failing Endpoints  TNS Total Endpoints      WHS(ns)      THS(ns)  THS Failing Endpoints  THS Total Endpoints     WPWS(ns)     TPWS(ns)  TPWS Failing Endpoints  TPWS Total Endpoints  
    -------      -------  ---------------------  -------------------      -------      -------  ---------------------  -------------------     --------     --------  ----------------------  --------------------  
      1.573        0.000                      0                 5781        0.071        0.000                      0                 5781        2.225        0.000                       0                  3022  


All user specified timing constraints are met.


------------------------------------------------------------------------------------------------
| Clock Summary
| -------------
------------------------------------------------------------------------------------------------

Clock  Waveform(ns)         Period(ns)      Frequency(MHz)
-----  ------------         ----------      --------------
clk    {0.000 2.500}        5.000           200.000         


------------------------------------------------------------------------------------------------
| Intra Clock Table
| -----------------
------------------------------------------------------------------------------------------------

Clock             WNS(ns)      TNS(ns)  TNS Failing Endpoints  TNS Total Endpoints      WHS(ns)      THS(ns)  THS Failing Endpoints  THS Total Endpoints     WPWS(ns)     TPWS(ns)  TPWS Failing Endpoints  TPWS Total Endpoints  
-----             -------      -------  ---------------------  -------------------      -------      -------  ---------------------  -------------------     --------     --------  ----------------------  --------------------  
clk                 1.573        0.000                      0                 5781        0.071        0.000                      0                 5781        2.225        0.000                       0                  3022  


------------------------------------------------------------------------------------------------
| Inter Clock Table
| -----------------
------------------------------------------------------------------------------------------------

From Clock    To Clock          WNS(ns)      TNS(ns)  TNS Failing Endpoints  TNS Total Endpoints      WHS(ns)      THS(ns)  THS Failing Endpoints  THS Total Endpoints  
----------    --------          -------      -------  ---------------------  -------------------      -------      -------  ---------------------  -------------------  


------------------------------------------------------------------------------------------------
| Other Path Groups Table
| -----------------------
------------------------------------------------------------------------------------------------

Path Group    From Clock    To Clock          WNS(ns)      TNS(ns)  TNS Failing Endpoints  TNS Total Endpoints      WHS(ns)      THS(ns)  THS Failing Endpoints  THS Total Endpoints  
----------    ----------    --------          -------      -------  ---------------------  -------------------      -------      -------  ---------------------  -------------------  


------------------------------------------------------------------------------------------------
| Timing Details
| --------------
------------------------------------------------------------------------------------------------


---------------------------------------------------------------------------------------------------
From Clock:  clk
  To Clock:  clk

Setup :            0  Failing Endpoints,  Worst Slack        1.573ns,  Total Violation        0.000ns
Hold  :            0  Failing Endpoints,  Worst Slack        0.071ns,  Total Violation        0.000ns
PW    :            0  Failing Endpoints,  Worst Slack        2.225ns,  Total Violation        0.000ns
---------------------------------------------------------------------------------------------------


Max Delay Paths
--------------------------------------------------------------------------------------
Slack (MET) :             1.573ns  (required time - arrival time)
  Source:                 neuron_latched_reg[100][0]/C
                            (rising edge-triggered cell FDRE clocked by clk  {rise@0.000ns fall@2.500ns period=5.000ns})
  Destination:            class_out_reg/D
                            (rising edge-triggered cell FDCE clocked by clk  {rise@0.000ns fall@2.500ns period=5.000ns})
  Path Group:             clk
  Path Type:              Setup (Max at Slow Process Corner)
  Requirement:            5.000ns  (clk rise@5.000ns - clk rise@0.000ns)
  Data Path Delay:        3.408ns  (logic 1.478ns (43.369%)  route 1.930ns (56.631%))
  Logic Levels:           11  (CARRY8=1 LUT3=1 LUT4=2 LUT5=3 LUT6=4)
  Clock Path Skew:        -0.011ns (DCD - SCD + CPR)
    Destination Clock Delay (DCD):    0.026ns = ( 5.026 - 5.000 ) 
    Source Clock Delay      (SCD):    0.037ns
    Clock Pessimism Removal (CPR):    0.000ns
  Clock Uncertainty:      0.035ns  ((TSJ^2 + TIJ^2)^1/2 + DJ) / 2 + PE
    Total System Jitter     (TSJ):    0.071ns
    Total Input Jitter      (TIJ):    0.000ns
    Discrete Jitter          (DJ):    0.000ns
    Phase Error              (PE):    0.000ns

    Location             Delay type                Incr(ns)  Path(ns)    Netlist Resource(s)
  -------------------------------------------------------------------    -------------------
                         (clock clk rise edge)        0.000     0.000 r  
                                                      0.000     0.000 r  clk (IN)
                         net (fo=3021, unset)         0.037     0.037    clk
                         FDRE                                         r  neuron_latched_reg[100][0]/C
  -------------------------------------------------------------------    -------------------
                         FDRE (Prop_FDRE_C_Q)         0.093     0.130 r  neuron_latched_reg[100][0]/Q
                         net (fo=35, unplaced)        0.239     0.369    neuron_latched_reg[100][0]
                         LUT6 (Prop_LUT6_I0_O)        0.179     0.548 r  score_out[8]_i_270/O
                         net (fo=2, unplaced)         0.121     0.669    score_out[8]_i_270_n_0
                         LUT6 (Prop_LUT6_I0_O)        0.179     0.848 r  score_out[8]_i_136/O
                         net (fo=3, unplaced)         0.220     1.068    score_out[8]_i_136_n_0
                         LUT5 (Prop_LUT5_I4_O)        0.040     1.108 r  score_out[8]_i_130/O
                         net (fo=4, unplaced)         0.173     1.281    score_out[8]_i_130_n_0
                         LUT6 (Prop_LUT6_I2_O)        0.116     1.397 r  score_out[8]_i_64/O
                         net (fo=3, unplaced)         0.165     1.562    score_out[8]_i_64_n_0
                         LUT3 (Prop_LUT3_I0_O)        0.139     1.701 r  score_out[8]_i_38/O
                         net (fo=2, unplaced)         0.161     1.862    score_out[8]_i_38_n_0
                         LUT5 (Prop_LUT5_I1_O)        0.171     2.033 r  score_out[8]_i_33/O
                         net (fo=2, unplaced)         0.159     2.192    score_out[8]_i_33_n_0
                         LUT5 (Prop_LUT5_I2_O)        0.139     2.331 r  score_out[8]_i_54/O
                         net (fo=2, unplaced)         0.214     2.545    score_out[8]_i_54_n_0
                         LUT4 (Prop_LUT4_I3_O)        0.038     2.583 r  score_out[8]_i_12/O
                         net (fo=1, unplaced)         0.031     2.614    score_out[8]_i_12_n_0
                         CARRY8 (Prop_CARRY8_S[5]_O[6])
                                                      0.165     2.779 r  score_out_reg[8]_i_1/O[6]
                         net (fo=2, unplaced)         0.175     2.954    weighted_sum[6]
                         LUT6 (Prop_LUT6_I0_O)        0.179     3.133 r  class_out_i_5/O
                         net (fo=1, unplaced)         0.214     3.347    class_out_i_5_n_0
                         LUT4 (Prop_LUT4_I1_O)        0.040     3.387 r  class_out_i_2/O
                         net (fo=1, unplaced)         0.058     3.445    p_0_in
                         FDCE                                         r  class_out_reg/D
  -------------------------------------------------------------------    -------------------

                         (clock clk rise edge)        5.000     5.000 r  
                                                      0.000     5.000 r  clk (IN)
                         net (fo=3021, unset)         0.026     5.026    clk
                         FDCE                                         r  class_out_reg/C
                         clock pessimism              0.000     5.026    
                         clock uncertainty           -0.035     4.991    
                         FDCE (Setup_FDCE_C_D)        0.027     5.018    class_out_reg
  -------------------------------------------------------------------
                         required time                          5.018    
                         arrival time                          -3.445    
  -------------------------------------------------------------------
                         slack                                  1.573    





Min Delay Paths
--------------------------------------------------------------------------------------
Slack (MET) :             0.071ns  (arrival time - required time)
  Source:                 neuron_done_reg[0]/C
                            (rising edge-triggered cell FDCE clocked by clk  {rise@0.000ns fall@2.500ns period=5.000ns})
  Destination:            neuron_done_reg[0]/D
                            (rising edge-triggered cell FDCE clocked by clk  {rise@0.000ns fall@2.500ns period=5.000ns})
  Path Group:             clk
  Path Type:              Hold (Min at Fast Process Corner)
  Requirement:            0.000ns  (clk rise@0.000ns - clk rise@0.000ns)
  Data Path Delay:        0.123ns  (logic 0.061ns (49.593%)  route 0.062ns (50.407%))
  Logic Levels:           1  (LUT3=1)
  Clock Path Skew:        0.006ns (DCD - SCD - CPR)
    Destination Clock Delay (DCD):    0.019ns
    Source Clock Delay      (SCD):    0.013ns
    Clock Pessimism Removal (CPR):    -0.000ns

    Location             Delay type                Incr(ns)  Path(ns)    Netlist Resource(s)
  -------------------------------------------------------------------    -------------------
                         (clock clk rise edge)        0.000     0.000 r  
                                                      0.000     0.000 r  clk (IN)
                         net (fo=3021, unset)         0.013     0.013    clk
                         FDCE                                         r  neuron_done_reg[0]/C
  -------------------------------------------------------------------    -------------------
                         FDCE (Prop_FDCE_C_Q)         0.038     0.051 r  neuron_done_reg[0]/Q
                         net (fo=2, unplaced)         0.046     0.097    neuron_0/neuron_done_reg[0]_0
                         LUT3 (Prop_LUT3_I2_O)        0.023     0.120 r  neuron_0/neuron_done[0]_i_1/O
                         net (fo=1, unplaced)         0.016     0.136    neuron_0_n_0
                         FDCE                                         r  neuron_done_reg[0]/D
  -------------------------------------------------------------------    -------------------

                         (clock clk rise edge)        0.000     0.000 r  
                                                      0.000     0.000 r  clk (IN)
                         net (fo=3021, unset)         0.019     0.019    clk
                         FDCE                                         r  neuron_done_reg[0]/C
                         clock pessimism              0.000     0.019    
                         FDCE (Hold_FDCE_C_D)         0.046     0.065    neuron_done_reg[0]
  -------------------------------------------------------------------
                         required time                         -0.065    
                         arrival time                           0.136    
  -------------------------------------------------------------------
                         slack                                  0.071    





Pulse Width Checks
--------------------------------------------------------------------------------------
Clock Name:         clk
Waveform(ns):       { 0.000 2.500 }
Period(ns):         5.000
Sources:            { clk }

Check Type        Corner  Lib Pin  Reference Pin  Required(ns)  Actual(ns)  Slack(ns)  Location  Pin
Min Period        n/a     FDCE/C   n/a            0.550         5.000       4.450                class_out_reg/C
Low Pulse Width   Slow    FDCE/C   n/a            0.275         2.500       2.225                class_out_reg/C
High Pulse Width  Slow    FDCE/C   n/a            0.275         2.500       2.225                class_out_reg/C



